Archive member included to satisfy reference by file (symbol)

/opt/stm32cubeide/plugins/com.st.stm32cube.ide.mcu.externaltools.gnu-tools-for-stm32.12.3.rel1.linux64_1.0.200.202406132123/tools/bin/../lib/gcc/arm-none-eabi/12.3.1/../../../../arm-none-eabi/lib/thumb/v7e-m+fp/hard/libc_nano.a(libc_a-exit.o)
                              /opt/stm32cubeide/plugins/com.st.stm32cube.ide.mcu.externaltools.gnu-tools-for-stm32.12.3.rel1.linux64_1.0.200.202406132123/tools/bin/../lib/gcc/arm-none-eabi/12.3.1/../../../../arm-none-eabi/lib/thumb/v7e-m+fp/hard/crt0.o (exit)
/opt/stm32cubeide/plugins/com.st.stm32cube.ide.mcu.externaltools.gnu-tools-for-stm32.12.3.rel1.linux64_1.0.200.202406132123/tools/bin/../lib/gcc/arm-none-eabi/12.3.1/../../../../arm-none-eabi/lib/thumb/v7e-m+fp/hard/libc_nano.a(libc_a-findfp.o)
                              /opt/stm32cubeide/plugins/com.st.stm32cube.ide.mcu.externaltools.gnu-tools-for-stm32.12.3.rel1.linux64_1.0.200.202406132123/tools/bin/../lib/gcc/arm-none-eabi/12.3.1/../../../../arm-none-eabi/lib/thumb/v7e-m+fp/hard/libc_nano.a(libc_a-exit.o) (__stdio_exit_handler)
/opt/stm32cubeide/plugins/com.st.stm32cube.ide.mcu.externaltools.gnu-tools-for-stm32.12.3.rel1.linux64_1.0.200.202406132123/tools/bin/../lib/gcc/arm-none-eabi/12.3.1/../../../../arm-none-eabi/lib/thumb/v7e-m+fp/hard/libc_nano.a(libc_a-fwalk.o)
                              /opt/stm32cubeide/plugins/com.st.stm32cube.ide.mcu.externaltools.gnu-tools-for-stm32.12.3.rel1.linux64_1.0.200.202406132123/tools/bin/../lib/gcc/arm-none-eabi/12.3.1/../../../../arm-none-eabi/lib/thumb/v7e-m+fp/hard/libc_nano.a(libc_a-findfp.o) (_fwalk_sglue)
/opt/stm32cubeide/plugins/com.st.stm32cube.ide.mcu.externaltools.gnu-tools-for-stm32.12.3.rel1.linux64_1.0.200.202406132123/tools/bin/../lib/gcc/arm-none-eabi/12.3.1/../../../../arm-none-eabi/lib/thumb/v7e-m+fp/hard/libc_nano.a(libc_a-stdio.o)
                              /opt/stm32cubeide/plugins/com.st.stm32cube.ide.mcu.externaltools.gnu-tools-for-stm32.12.3.rel1.linux64_1.0.200.202406132123/tools/bin/../lib/gcc/arm-none-eabi/12.3.1/../../../../arm-none-eabi/lib/thumb/v7e-m+fp/hard/libc_nano.a(libc_a-findfp.o) (__sread)
/opt/stm32cubeide/plugins/com.st.stm32cube.ide.mcu.externaltools.gnu-tools-for-stm32.12.3.rel1.linux64_1.0.200.202406132123/tools/bin/../lib/gcc/arm-none-eabi/12.3.1/../../../../arm-none-eabi/lib/thumb/v7e-m+fp/hard/libc_nano.a(libc_a-memset.o)
                              /opt/stm32cubeide/plugins/com.st.stm32cube.ide.mcu.externaltools.gnu-tools-for-stm32.12.3.rel1.linux64_1.0.200.202406132123/tools/bin/../lib/gcc/arm-none-eabi/12.3.1/../../../../arm-none-eabi/lib/thumb/v7e-m+fp/hard/crt0.o (memset)
/opt/stm32cubeide/plugins/com.st.stm32cube.ide.mcu.externaltools.gnu-tools-for-stm32.12.3.rel1.linux64_1.0.200.202406132123/tools/bin/../lib/gcc/arm-none-eabi/12.3.1/../../../../arm-none-eabi/lib/thumb/v7e-m+fp/hard/libc_nano.a(libc_a-closer.o)
                              /opt/stm32cubeide/plugins/com.st.stm32cube.ide.mcu.externaltools.gnu-tools-for-stm32.12.3.rel1.linux64_1.0.200.202406132123/tools/bin/../lib/gcc/arm-none-eabi/12.3.1/../../../../arm-none-eabi/lib/thumb/v7e-m+fp/hard/libc_nano.a(libc_a-stdio.o) (_close_r)
/opt/stm32cubeide/plugins/com.st.stm32cube.ide.mcu.externaltools.gnu-tools-for-stm32.12.3.rel1.linux64_1.0.200.202406132123/tools/bin/../lib/gcc/arm-none-eabi/12.3.1/../../../../arm-none-eabi/lib/thumb/v7e-m+fp/hard/libc_nano.a(libc_a-reent.o)
                              /opt/stm32cubeide/plugins/com.st.stm32cube.ide.mcu.externaltools.gnu-tools-for-stm32.12.3.rel1.linux64_1.0.200.202406132123/tools/bin/../lib/gcc/arm-none-eabi/12.3.1/../../../../arm-none-eabi/lib/thumb/v7e-m+fp/hard/libc_nano.a(libc_a-closer.o) (errno)
/opt/stm32cubeide/plugins/com.st.stm32cube.ide.mcu.externaltools.gnu-tools-for-stm32.12.3.rel1.linux64_1.0.200.202406132123/tools/bin/../lib/gcc/arm-none-eabi/12.3.1/../../../../arm-none-eabi/lib/thumb/v7e-m+fp/hard/libc_nano.a(libc_a-impure.o)
                              /opt/stm32cubeide/plugins/com.st.stm32cube.ide.mcu.externaltools.gnu-tools-for-stm32.12.3.rel1.linux64_1.0.200.202406132123/tools/bin/../lib/gcc/arm-none-eabi/12.3.1/../../../../arm-none-eabi/lib/thumb/v7e-m+fp/hard/libc_nano.a(libc_a-reent.o) (_impure_ptr)
/opt/stm32cubeide/plugins/com.st.stm32cube.ide.mcu.externaltools.gnu-tools-for-stm32.12.3.rel1.linux64_1.0.200.202406132123/tools/bin/../lib/gcc/arm-none-eabi/12.3.1/../../../../arm-none-eabi/lib/thumb/v7e-m+fp/hard/libc_nano.a(libc_a-lseekr.o)
                              /opt/stm32cubeide/plugins/com.st.stm32cube.ide.mcu.externaltools.gnu-tools-for-stm32.12.3.rel1.linux64_1.0.200.202406132123/tools/bin/../lib/gcc/arm-none-eabi/12.3.1/../../../../arm-none-eabi/lib/thumb/v7e-m+fp/hard/libc_nano.a(libc_a-stdio.o) (_lseek_r)
[...]
Memory Configuration

Name             Origin             Length             Attributes
RAM              0x20000000         0x00020000         xrw
FLASH            0x08000000         0x00080000         xr
*default*        0x00000000         0xffffffff

Linker script and memory map

LOAD /opt/stm32cubeide/plugins/com.st.stm32cube.ide.mcu.externaltools.gnu-tools-for-stm32.12.3.rel1.linux64_1.0.200.202406132123/tools/bin/../lib/gcc/arm-none-eabi/12.3.1/thumb/v7e-m+fp/hard/crti.o
LOAD /opt/stm32cubeide/plugins/com.st.stm32cube.ide.mcu.externaltools.gnu-tools-for-stm32.12.3.rel1.linux64_1.0.200.202406132123/tools/bin/../lib/gcc/arm-none-eabi/12.3.1/thumb/v7e-m+fp/hard/crtbegin.o
LOAD /opt/stm32cubeide/plugins/com.st.stm32cube.ide.mcu.externaltools.gnu-tools-for-stm32.12.3.rel1.linux64_1.0.200.202406132123/tools/bin/../lib/gcc/arm-none-eabi/12.3.1/../../../../arm-none-eabi/lib/thumb/v7e-m+fp/hard/crt0.o
LOAD ./Core/Src/main.o
LOAD ./Core/Src/stm32f4xx_hal_msp.o
LOAD ./Core/Src/stm32f4xx_it.o
LOAD ./Core/Src/syscalls.o
LOAD ./Core/Src/sysmem.o
LOAD ./Core/Src/system_stm32f4xx.o
LOAD ./Core/Startup/startup_stm32f446retx.o
LOAD ./Drivers/STM32F4xx_HAL_Driver/Src/stm32f4xx_hal.o
LOAD ./Drivers/STM32F4xx_HAL_Driver/Src/stm32f4xx_hal_cortex.o
LOAD ./Drivers/STM32F4xx_HAL_Driver/Src/stm32f4xx_hal_dma.o
LOAD ./Drivers/STM32F4xx_HAL_Driver/Src/stm32f4xx_hal_dma_ex.o
LOAD ./Drivers/STM32F4xx_HAL_Driver/Src/stm32f4xx_hal_exti.o
LOAD ./Drivers/STM32F4xx_HAL_Driver/Src/stm32f4xx_hal_flash.o
LOAD ./Drivers/STM32F4xx_HAL_Driver/Src/stm32f4xx_hal_flash_ex.o
LOAD ./Drivers/STM32F4xx_HAL_Driver/Src/stm32f4xx_hal_flash_ramfunc.o
LOAD ./Drivers/STM32F4xx_HAL_Driver/Src/stm32f4xx_hal_gpio.o
LOAD ./Drivers/STM32F4xx_HAL_Driver/Src/stm32f4xx_hal_pcd.o
LOAD ./Drivers/STM32F4xx_HAL_Driver/Src/stm32f4xx_hal_pcd_ex.o
LOAD ./Drivers/STM32F4xx_HAL_Driver/Src/stm32f4xx_hal_pwr.o
LOAD ./Drivers/STM32F4xx_HAL_Driver/Src/stm32f4xx_hal_pwr_ex.o
LOAD ./Drivers/STM32F4xx_HAL_Driver/Src/stm32f4xx_hal_rcc.o
LOAD ./Drivers/STM32F4xx_HAL_Driver/Src/stm32f4xx_hal_rcc_ex.o
LOAD ./Drivers/STM32F4xx_HAL_Driver/Src/stm32f4xx_hal_tim.o
LOAD ./Drivers/STM32F4xx_HAL_Driver/Src/stm32f4xx_hal_tim_ex.o
LOAD ./Drivers/STM32F4xx_HAL_Driver/Src/stm32f4xx_hal_uart.o
LOAD ./Drivers/STM32F4xx_HAL_Driver/Src/stm32f4xx_ll_usb.o
LOAD ./Middlewares/ST/STM32_USB_Device_Library/Class/CDC/Src/usbd_cdc.o
LOAD ./Middlewares/ST/STM32_USB_Device_Library/Core/Src/usbd_core.o
LOAD ./Middlewares/ST/STM32_USB_Device_Library/Core/Src/usbd_ctlreq.o
LOAD ./Middlewares/ST/STM32_USB_Device_Library/Core/Src/usbd_ioreq.o
LOAD ./USB_DEVICE/App/usb_device.o
LOAD ./USB_DEVICE/App/usbd_cdc_if.o
LOAD ./USB_DEVICE/App/usbd_desc.o
LOAD ./USB_DEVICE/Target/usbd_conf.o
START GROUP
LOAD /opt/stm32cubeide/plugins/com.st.stm32cube.ide.mcu.externaltools.gnu-tools-for-stm32.12.3.rel1.linux64_1.0.200.202406132123/tools/bin/../lib/gcc/arm-none-eabi/12.3.1/../../../../arm-none-eabi/lib/thumb/v7e-m+fp/hard/libc_nano.a
LOAD /opt/stm32cubeide/plugins/com.st.stm32cube.ide.mcu.externaltools.gnu-tools-for-stm32.12.3.rel1.linux64_1.0.200.202406132123/tools/bin/../lib/gcc/arm-none-eabi/12.3.1/../../../../arm-none-eabi/lib/thumb/v7e-m+fp/hard/libm.a
END GROUP
START GROUP
LOAD /opt/stm32cubeide/plugins/com.st.stm32cube.ide.mcu.externaltools.gnu-tools-for-stm32.12.3.rel1.linux64_1.0.200.202406132123/tools/bin/../lib/gcc/arm-none-eabi/12.3.1/thumb/v7e-m+fp/hard/libgcc.a
LOAD /opt/stm32cubeide/plugins/com.st.stm32cube.ide.mcu.externaltools.gnu-tools-for-stm32.12.3.rel1.linux64_1.0.200.202406132123/tools/bin/../lib/gcc/arm-none-eabi/12.3.1/../../../../arm-none-eabi/lib/thumb/v7e-m+fp/hard/libc_nano.a
END GROUP
START GROUP
LOAD /opt/stm32cubeide/plugins/com.st.stm32cube.ide.mcu.externaltools.gnu-tools-for-stm32.12.3.rel1.linux64_1.0.200.202406132123/tools/bin/../lib/gcc/arm-none-eabi/12.3.1/thumb/v7e-m+fp/hard/libgcc.a
LOAD /opt/stm32cubeide/plugins/com.st.stm32cube.ide.mcu.externaltools.gnu-tools-for-stm32.12.3.rel1.linux64_1.0.200.202406132123/tools/bin/../lib/gcc/arm-none-eabi/12.3.1/../../../../arm-none-eabi/lib/thumb/v7e-m+fp/hard/libc_nano.a
LOAD /opt/stm32cubeide/plugins/com.st.stm32cube.ide.mcu.externaltools.gnu-tools-for-stm32.12.3.rel1.linux64_1.0.200.202406132123/tools/bin/../lib/gcc/arm-none-eabi/12.3.1/../../../../arm-none-eabi/lib/thumb/v7e-m+fp/hard/libnosys.a
END GROUP
START GROUP
LOAD /opt/stm32cubeide/plugins/com.st.stm32cube.ide.mcu.externaltools.gnu-tools-for-stm32.12.3.rel1.linux64_1.0.200.202406132123/tools/bin/../lib/gcc/arm-none-eabi/12.3.1/thumb/v7e-m+fp/hard/libgcc.a
LOAD /opt/stm32cubeide/plugins/com.st.stm32cube.ide.mcu.externaltools.gnu-tools-for-stm32.12.3.rel1.linux64_1.0.200.202406132123/tools/bin/../lib/gcc/arm-none-eabi/12.3.1/../../../../arm-none-eabi/lib/thumb/v7e-m+fp/hard/libc_nano.a
LOAD /opt/stm32cubeide/plugins/com.st.stm32cube.ide.mcu.externaltools.gnu-tools-for-stm32.12.3.rel1.linux64_1.0.200.202406132123/tools/bin/../lib/gcc/arm-none-eabi/12.3.1/../../../../arm-none-eabi/lib/thumb/v7e-m+fp/hard/libnosys.a
END GROUP
LOAD /opt/stm32cubeide/plugins/com.st.stm32cube.ide.mcu.externaltools.gnu-tools-for-stm32.12.3.rel1.linux64_1.0.200.202406132123/tools/bin/../lib/gcc/arm-none-eabi/12.3.1/thumb/v7e-m+fp/hard/crtend.o
LOAD /opt/stm32cubeide/plugins/com.st.stm32cube.ide.mcu.externaltools.gnu-tools-for-stm32.12.3.rel1.linux64_1.0.200.202406132123/tools/bin/../lib/gcc/arm-none-eabi/12.3.1/thumb/v7e-m+fp/hard/crtn.o
                0x20020000                        _estack = (ORIGIN (RAM) + LENGTH (RAM))
                0x00000200                        _Min_Heap_Size = 0x200
                0x00000400                        _Min_Stack_Size = 0x400

.isr_vector     0x08000000      0x1c4
                0x08000000                        . = ALIGN (0x4)
 *(.isr_vector)
 .isr_vector    0x08000000      0x1c4 ./Core/Startup/startup_stm32f446retx.o
                0x08000000                g_pfnVectors
                0x080001c4                        . = ALIGN (0x4)

.text           0x080001c4     0x8500
                0x080001c4                        . = ALIGN (0x4)
 *(.text)
 .text          0x080001c4       0x40 /opt/stm32cubeide/plugins/com.st.stm32cube.ide.mcu.externaltools.gnu-tools-for-stm32.12.3.rel1.linux64_1.0.200.202406132123/tools/bin/../lib/gcc/arm-none-eabi/12.3.1/thumb/v7e-m+fp/hard/crtbegin.o
 .text          0x08000204       0x30 /opt/stm32cubeide/plugins/com.st.stm32cube.ide.mcu.externaltools.gnu-tools-for-stm32.12.3.rel1.linux64_1.0.200.202406132123/tools/bin/../lib/gcc/arm-none-eabi/12.3.1/thumb/v7e-m+fp/hard/libgcc.a(_aeabi_uldivmod.o)
                0x08000204                __aeabi_uldivmod
 .text          0x08000234      0x2bc /opt/stm32cubeide/plugins/com.st.stm32cube.ide.mcu.externaltools.gnu-tools-for-stm32.12.3.rel1.linux64_1.0.200.202406132123/tools/bin/../lib/gcc/arm-none-eabi/12.3.1/thumb/v7e-m+fp/hard/libgcc.a(_udivmoddi4.o)
                0x08000234                __udivmoddi4
 .text          0x080004f0        0x4 /opt/stm32cubeide/plugins/com.st.stm32cube.ide.mcu.externaltools.gnu-tools-for-stm32.12.3.rel1.linux64_1.0.200.202406132123/tools/bin/../lib/gcc/arm-none-eabi/12.3.1/thumb/v7e-m+fp/hard/libgcc.a(_dvmd_tls.o)
                0x080004f0                __aeabi_ldiv0
                0x080004f0                __aeabi_idiv0
 *(.text*)
 .text.main     0x080004f4       0x38 ./Core/Src/main.o
                0x080004f4                main
 .text.SystemClock_Config
                0x0800052c       0xd8 ./Core/Src/main.o
                0x0800052c                SystemClock_Config
 .text.MX_USART2_UART_Init
                0x08000604       0x54 ./Core/Src/main.o
 .text.MX_GPIO_Init
                0x08000658       0x64 ./Core/Src/main.o
 .text.Error_Handler
                0x080006bc        0xc ./Core/Src/main.o
                0x080006bc                Error_Handler
 .text.HAL_MspInit
                0x080006c8       0x50 ./Core/Src/stm32f4xx_hal_msp.o
                0x080006c8                HAL_MspInit
 .text.HAL_UART_MspInit
                0x08000718       0xa0 ./Core/Src/stm32f4xx_hal_msp.o
                0x08000718                HAL_UART_MspInit
 .text.NMI_Handler
                0x080007b8        0x8 ./Core/Src/stm32f4xx_it.o
                0x080007b8                NMI_Handler
 .text.HardFault_Handler
                0x080007c0        0x8 ./Core/Src/stm32f4xx_it.o
                0x080007c0                HardFault_Handler
 .text.MemManage_Handler
                0x080007c8        0x8 ./Core/Src/stm32f4xx_it.o
                0x080007c8                MemManage_Handler
 .text.BusFault_Handler
                0x080007d0        0x8 ./Core/Src/stm32f4xx_it.o
                0x080007d0                BusFault_Handler
 .text.UsageFault_Handler
                0x080007d8        0x8 ./Core/Src/stm32f4xx_it.o
                0x080007d8                UsageFault_Handler
 .text.SVC_Handler
                0x080007e0        0xe ./Core/Src/stm32f4xx_it.o
                0x080007e0                SVC_Handler
 .text.DebugMon_Handler
                0x080007ee        0xe ./Core/Src/stm32f4xx_it.o
                0x080007ee                DebugMon_Handler
 .text.PendSV_Handler
                0x080007fc        0xe ./Core/Src/stm32f4xx_it.o
                0x080007fc                PendSV_Handler
 .text.SysTick_Handler
                0x0800080a        0xc ./Core/Src/stm32f4xx_it.o
                0x0800080a                SysTick_Handler
 *fill*         0x08000816        0x2 
 .text.USART2_IRQHandler
                0x08000818       0x14 ./Core/Src/stm32f4xx_it.o
                0x08000818                USART2_IRQHandler
 .text.OTG_FS_IRQHandler
                0x0800082c       0x14 ./Core/Src/stm32f4xx_it.o
                0x0800082c                OTG_FS_IRQHandler
 .text.SystemInit
                0x08000840       0x24 ./Core/Src/system_stm32f4xx.o
                0x08000840                SystemInit
 .text.Reset_Handler
                0x08000864       0x50 ./Core/Startup/startup_stm32f446retx.o
                0x08000864                Reset_Handler
 .text.Default_Handler
                0x080008b4        0x2 ./Core/Startup/startup_stm32f446retx.o
                0x080008b4                RTC_Alarm_IRQHandler
                0x080008b4                EXTI2_IRQHandler
                0x080008b4                TIM8_CC_IRQHandler
                0x080008b4                FMPI2C1_EV_IRQHandler
                0x080008b4                SPI4_IRQHandler
                0x080008b4                TIM1_CC_IRQHandler
                0x080008b4                DMA2_Stream5_IRQHandler
                0x080008b4                DMA1_Stream5_IRQHandler
                0x080008b4                PVD_IRQHandler
                0x080008b4                SDIO_IRQHandler
                0x080008b4                TAMP_STAMP_IRQHandler
                0x080008b4                CAN2_RX1_IRQHandler
                0x080008b4                EXTI3_IRQHandler
                0x080008b4                TIM8_TRG_COM_TIM14_IRQHandler
                0x080008b4                TIM1_UP_TIM10_IRQHandler
                0x080008b4                TIM8_UP_TIM13_IRQHandler
                0x080008b4                I2C3_ER_IRQHandler
                0x080008b4                EXTI0_IRQHandler
                0x080008b4                I2C2_EV_IRQHandler
                0x080008b4                DMA1_Stream2_IRQHandler
                0x080008b4                CAN1_RX0_IRQHandler
                0x080008b4                FPU_IRQHandler
                0x080008b4                OTG_HS_WKUP_IRQHandler
                0x080008b4                CAN2_SCE_IRQHandler
                0x080008b4                DMA2_Stream2_IRQHandler
                0x080008b4                SPI1_IRQHandler
                0x080008b4                TIM6_DAC_IRQHandler
                0x080008b4                TIM1_BRK_TIM9_IRQHandler
                0x080008b4                DCMI_IRQHandler
                0x080008b4                CAN2_RX0_IRQHandler
                0x080008b4                DMA2_Stream3_IRQHandler
                0x080008b4                SAI2_IRQHandler
                0x080008b4                USART6_IRQHandler
                0x080008b4                USART3_IRQHandler
                0x080008b4                CAN1_RX1_IRQHandler
                0x080008b4                UART5_IRQHandler
                0x080008b4                DMA2_Stream0_IRQHandler
                0x080008b4                TIM4_IRQHandler
                0x080008b4                QUADSPI_IRQHandler
                0x080008b4                I2C1_EV_IRQHandler
                0x080008b4                DMA1_Stream6_IRQHandler
                0x080008b4                DMA1_Stream1_IRQHandler
                0x080008b4                UART4_IRQHandler
                0x080008b4                TIM3_IRQHandler
                0x080008b4                RCC_IRQHandler
                0x080008b4                TIM8_BRK_TIM12_IRQHandler
                0x080008b4                Default_Handler
                0x080008b4                CEC_IRQHandler
                0x080008b4                EXTI15_10_IRQHandler
                0x080008b4                ADC_IRQHandler
                0x080008b4                DMA1_Stream7_IRQHandler
                0x080008b4                TIM7_IRQHandler
                0x080008b4                CAN2_TX_IRQHandler
                0x080008b4                TIM5_IRQHandler
                0x080008b4                DMA2_Stream7_IRQHandler
                0x080008b4                I2C3_EV_IRQHandler
                0x080008b4                EXTI9_5_IRQHandler
                0x080008b4                RTC_WKUP_IRQHandler
                0x080008b4                SPDIF_RX_IRQHandler
                0x080008b4                SPI2_IRQHandler
                0x080008b4                OTG_HS_EP1_IN_IRQHandler
                0x080008b4                DMA1_Stream0_IRQHandler
                0x080008b4                CAN1_TX_IRQHandler
                0x080008b4                FMPI2C1_ER_IRQHandler
                0x080008b4                EXTI4_IRQHandler
                0x080008b4                OTG_HS_EP1_OUT_IRQHandler
                0x080008b4                WWDG_IRQHandler
                0x080008b4                TIM2_IRQHandler
                0x080008b4                OTG_FS_WKUP_IRQHandler
                0x080008b4                TIM1_TRG_COM_TIM11_IRQHandler
                0x080008b4                OTG_HS_IRQHandler
                0x080008b4                EXTI1_IRQHandler
                0x080008b4                I2C2_ER_IRQHandler
                0x080008b4                DMA2_Stream1_IRQHandler
                0x080008b4                CAN1_SCE_IRQHandler
                0x080008b4                FLASH_IRQHandler
                0x080008b4                DMA2_Stream4_IRQHandler
                0x080008b4                USART1_IRQHandler
                0x080008b4                SPI3_IRQHandler
                0x080008b4                DMA1_Stream4_IRQHandler
                0x080008b4                I2C1_ER_IRQHandler
                0x080008b4                FMC_IRQHandler
                0x080008b4                DMA2_Stream6_IRQHandler
                0x080008b4                SAI1_IRQHandler
                0x080008b4                DMA1_Stream3_IRQHandler
 *fill*         0x080008b6        0x2 
 .text.HAL_Init
                0x080008b8       0x44 ./Drivers/STM32F4xx_HAL_Driver/Src/stm32f4xx_hal.o
                0x080008b8                HAL_Init
 .text.HAL_InitTick
                0x080008fc       0x60 ./Drivers/STM32F4xx_HAL_Driver/Src/stm32f4xx_hal.o
                0x080008fc                HAL_InitTick
 .text.HAL_IncTick
                0x0800095c       0x28 ./Drivers/STM32F4xx_HAL_Driver/Src/stm32f4xx_hal.o
                0x0800095c                HAL_IncTick
 .text.HAL_GetTick
                0x08000984       0x18 ./Drivers/STM32F4xx_HAL_Driver/Src/stm32f4xx_hal.o
                0x08000984                HAL_GetTick
 .text.HAL_Delay
                0x0800099c       0x48 ./Drivers/STM32F4xx_HAL_Driver/Src/stm32f4xx_hal.o
                0x0800099c                HAL_Delay
 .text.__NVIC_SetPriorityGrouping
                0x080009e4       0x48 ./Drivers/STM32F4xx_HAL_Driver/Src/stm32f4xx_hal_cortex.o
 .text.__NVIC_GetPriorityGrouping
                0x08000a2c       0x1c ./Drivers/STM32F4xx_HAL_Driver/Src/stm32f4xx_hal_cortex.o
 .text.__NVIC_EnableIRQ
                0x08000a48       0x3c ./Drivers/STM32F4xx_HAL_Driver/Src/stm32f4xx_hal_cortex.o
 .text.__NVIC_SetPriority
                0x08000a84       0x54 ./Drivers/STM32F4xx_HAL_Driver/Src/stm32f4xx_hal_cortex.o
 .text.NVIC_EncodePriority
                0x08000ad8       0x66 ./Drivers/STM32F4xx_HAL_Driver/Src/stm32f4xx_hal_cortex.o
 *fill*         0x08000b3e        0x2 
 .text.SysTick_Config
                0x08000b40       0x44 ./Drivers/STM32F4xx_HAL_Driver/Src/stm32f4xx_hal_cortex.o
 .text.HAL_NVIC_SetPriorityGrouping
                0x08000b84       0x16 ./Drivers/STM32F4xx_HAL_Driver/Src/stm32f4xx_hal_cortex.o
                0x08000b84                HAL_NVIC_SetPriorityGrouping
 .text.HAL_NVIC_SetPriority
                0x08000b9a       0x38 ./Drivers/STM32F4xx_HAL_Driver/Src/stm32f4xx_hal_cortex.o
                0x08000b9a                HAL_NVIC_SetPriority
 .text.HAL_NVIC_EnableIRQ
                0x08000bd2       0x1c ./Drivers/STM32F4xx_HAL_Driver/Src/stm32f4xx_hal_cortex.o
                0x08000bd2                HAL_NVIC_EnableIRQ
 .text.HAL_SYSTICK_Config
                0x08000bee       0x18 ./Drivers/STM32F4xx_HAL_Driver/Src/stm32f4xx_hal_cortex.o
                0x08000bee                HAL_SYSTICK_Config
 .text.HAL_DMA_Abort
                0x08000c06       0xe0 ./Drivers/STM32F4xx_HAL_Driver/Src/stm32f4xx_hal_dma.o
                0x08000c06                HAL_DMA_Abort
 .text.HAL_DMA_Abort_IT
                0x08000ce6       0x44 ./Drivers/STM32F4xx_HAL_Driver/Src/stm32f4xx_hal_dma.o
                0x08000ce6                HAL_DMA_Abort_IT
 *fill*         0x08000d2a        0x2 
 .text.HAL_GPIO_Init
                0x08000d2c      0x328 ./Drivers/STM32F4xx_HAL_Driver/Src/stm32f4xx_hal_gpio.o
                0x08000d2c                HAL_GPIO_Init
 .text.HAL_GPIO_WritePin
                0x08001054       0x32 ./Drivers/STM32F4xx_HAL_Driver/Src/stm32f4xx_hal_gpio.o
                0x08001054                HAL_GPIO_WritePin
 .text.HAL_PCD_Init
                0x08001086      0x22c ./Drivers/STM32F4xx_HAL_Driver/Src/stm32f4xx_hal_pcd.o
                0x08001086                HAL_PCD_Init
 .text.HAL_PCD_Start
                0x080012b2       0x6a ./Drivers/STM32F4xx_HAL_Driver/Src/stm32f4xx_hal_pcd.o
                0x080012b2                HAL_PCD_Start
 .text.HAL_PCD_IRQHandler
                0x0800131c      0x99c ./Drivers/STM32F4xx_HAL_Driver/Src/stm32f4xx_hal_pcd.o
                0x0800131c                HAL_PCD_IRQHandler
 .text.HAL_PCD_SetAddress
                0x08001cb8       0x48 ./Drivers/STM32F4xx_HAL_Driver/Src/stm32f4xx_hal_pcd.o
                0x08001cb8                HAL_PCD_SetAddress
 .text.HAL_PCD_EP_Open
                0x08001d00       0xd4 ./Drivers/STM32F4xx_HAL_Driver/Src/stm32f4xx_hal_pcd.o
                0x08001d00                HAL_PCD_EP_Open
 .text.HAL_PCD_EP_Close
                0x08001dd4       0x94 ./Drivers/STM32F4xx_HAL_Driver/Src/stm32f4xx_hal_pcd.o
                0x08001dd4                HAL_PCD_EP_Close
 .text.HAL_PCD_EP_Receive
                0x08001e68       0x76 ./Drivers/STM32F4xx_HAL_Driver/Src/stm32f4xx_hal_pcd.o
                0x08001e68                HAL_PCD_EP_Receive
 .text.HAL_PCD_EP_GetRxCount
                0x08001ede       0x30 ./Drivers/STM32F4xx_HAL_Driver/Src/stm32f4xx_hal_pcd.o
                0x08001ede                HAL_PCD_EP_GetRxCount
 .text.HAL_PCD_EP_Transmit
                0x08001f0e       0x74 ./Drivers/STM32F4xx_HAL_Driver/Src/stm32f4xx_hal_pcd.o
                0x08001f0e                HAL_PCD_EP_Transmit
 .text.HAL_PCD_EP_SetStall
                0x08001f82       0xc6 ./Drivers/STM32F4xx_HAL_Driver/Src/stm32f4xx_hal_pcd.o
                0x08001f82                HAL_PCD_EP_SetStall
 .text.HAL_PCD_EP_ClrStall
                0x08002048       0xac ./Drivers/STM32F4xx_HAL_Driver/Src/stm32f4xx_hal_pcd.o
                0x08002048                HAL_PCD_EP_ClrStall
 .text.HAL_PCD_EP_Abort
                0x080020f4       0x62 ./Drivers/STM32F4xx_HAL_Driver/Src/stm32f4xx_hal_pcd.o
                0x080020f4                HAL_PCD_EP_Abort
 .text.PCD_WriteEmptyTxFifo
                0x08002156      0x118 ./Drivers/STM32F4xx_HAL_Driver/Src/stm32f4xx_hal_pcd.o
 *fill*         0x0800226e        0x2 
 .text.PCD_EP_OutXfrComplete_int
                0x08002270      0x1d0 ./Drivers/STM32F4xx_HAL_Driver/Src/stm32f4xx_hal_pcd.o
 .text.PCD_EP_OutSetupPacket_int
                0x08002440       0x8c ./Drivers/STM32F4xx_HAL_Driver/Src/stm32f4xx_hal_pcd.o
 .text.HAL_PCDEx_SetTxFiFo
                0x080024cc       0x8e ./Drivers/STM32F4xx_HAL_Driver/Src/stm32f4xx_hal_pcd_ex.o
                0x080024cc                HAL_PCDEx_SetTxFiFo
 .text.HAL_PCDEx_SetRxFiFo
                0x0800255a       0x22 ./Drivers/STM32F4xx_HAL_Driver/Src/stm32f4xx_hal_pcd_ex.o
                0x0800255a                HAL_PCDEx_SetRxFiFo
 .text.HAL_PCDEx_ActivateLPM
                0x0800257c       0x48 ./Drivers/STM32F4xx_HAL_Driver/Src/stm32f4xx_hal_pcd_ex.o
                0x0800257c                HAL_PCDEx_ActivateLPM
 .text.HAL_RCC_ClockConfig
                0x080025c4      0x1cc ./Drivers/STM32F4xx_HAL_Driver/Src/stm32f4xx_hal_rcc.o
                0x080025c4                HAL_RCC_ClockConfig
 .text.HAL_RCC_GetHCLKFreq
                0x08002790       0x18 ./Drivers/STM32F4xx_HAL_Driver/Src/stm32f4xx_hal_rcc.o
                0x08002790                HAL_RCC_GetHCLKFreq
 .text.HAL_RCC_GetPCLK1Freq
                0x080027a8       0x28 ./Drivers/STM32F4xx_HAL_Driver/Src/stm32f4xx_hal_rcc.o
                0x080027a8                HAL_RCC_GetPCLK1Freq
 .text.HAL_RCC_GetPCLK2Freq
                0x080027d0       0x28 ./Drivers/STM32F4xx_HAL_Driver/Src/stm32f4xx_hal_rcc.o
                0x080027d0                HAL_RCC_GetPCLK2Freq
 .text.HAL_RCCEx_PeriphCLKConfig
                0x080027f8      0x654 ./Drivers/STM32F4xx_HAL_Driver/Src/stm32f4xx_hal_rcc_ex.o
                0x080027f8                HAL_RCCEx_PeriphCLKConfig
 .text.HAL_RCC_GetSysClockFreq
                0x08002e4c      0x354 ./Drivers/STM32F4xx_HAL_Driver/Src/stm32f4xx_hal_rcc_ex.o
                0x08002e4c                HAL_RCC_GetSysClockFreq
 .text.HAL_RCC_OscConfig
                0x080031a0      0x53c ./Drivers/STM32F4xx_HAL_Driver/Src/stm32f4xx_hal_rcc_ex.o
                0x080031a0                HAL_RCC_OscConfig
 .text.HAL_UART_Init
                0x080036dc       0xa0 ./Drivers/STM32F4xx_HAL_Driver/Src/stm32f4xx_hal_uart.o
                0x080036dc                HAL_UART_Init
 .text.HAL_UART_Transmit_IT
                0x0800377c       0x6c ./Drivers/STM32F4xx_HAL_Driver/Src/stm32f4xx_hal_uart.o
                0x0800377c                HAL_UART_Transmit_IT
 .text.HAL_UART_IRQHandler
                0x080037e8      0x524 ./Drivers/STM32F4xx_HAL_Driver/Src/stm32f4xx_hal_uart.o
                0x080037e8                HAL_UART_IRQHandler
 .text.HAL_UART_TxCpltCallback
                0x08003d0c       0x14 ./Drivers/STM32F4xx_HAL_Driver/Src/stm32f4xx_hal_uart.o
                0x08003d0c                HAL_UART_TxCpltCallback
 .text.HAL_UART_RxCpltCallback
                0x08003d20       0x14 ./Drivers/STM32F4xx_HAL_Driver/Src/stm32f4xx_hal_uart.o
                0x08003d20                HAL_UART_RxCpltCallback
 .text.HAL_UART_ErrorCallback
                0x08003d34       0x14 ./Drivers/STM32F4xx_HAL_Driver/Src/stm32f4xx_hal_uart.o
                0x08003d34                HAL_UART_ErrorCallback
 .text.HAL_UARTEx_RxEventCallback
                0x08003d48       0x18 ./Drivers/STM32F4xx_HAL_Driver/Src/stm32f4xx_hal_uart.o
                0x08003d48                HAL_UARTEx_RxEventCallback
 .text.UART_EndRxTransfer
                0x08003d60       0xc6 ./Drivers/STM32F4xx_HAL_Driver/Src/stm32f4xx_hal_uart.o
 .text.UART_DMAAbortOnError
                0x08003e26       0x28 ./Drivers/STM32F4xx_HAL_Driver/Src/stm32f4xx_hal_uart.o
 .text.UART_Transmit_IT
                0x08003e4e       0xa0 ./Drivers/STM32F4xx_HAL_Driver/Src/stm32f4xx_hal_uart.o
 .text.UART_EndTransmit_IT
                0x08003eee       0x30 ./Drivers/STM32F4xx_HAL_Driver/Src/stm32f4xx_hal_uart.o
 .text.UART_Receive_IT
                0x08003f1e      0x17c ./Drivers/STM32F4xx_HAL_Driver/Src/stm32f4xx_hal_uart.o
 *fill*         0x0800409a        0x2 
 .text.UART_SetConfig
                0x0800409c      0x4e8 ./Drivers/STM32F4xx_HAL_Driver/Src/stm32f4xx_hal_uart.o
 .text.USB_CoreInit
                0x08004584       0xc8 ./Drivers/STM32F4xx_HAL_Driver/Src/stm32f4xx_ll_usb.o
                0x08004584                USB_CoreInit
 .text.USB_SetTurnaroundTime
                0x0800464c      0x144 ./Drivers/STM32F4xx_HAL_Driver/Src/stm32f4xx_ll_usb.o
                0x0800464c                USB_SetTurnaroundTime
 .text.USB_EnableGlobalInt
                0x08004790       0x22 ./Drivers/STM32F4xx_HAL_Driver/Src/stm32f4xx_ll_usb.o
                0x08004790                USB_EnableGlobalInt
 .text.USB_DisableGlobalInt
                0x080047b2       0x22 ./Drivers/STM32F4xx_HAL_Driver/Src/stm32f4xx_ll_usb.o
                0x080047b2                USB_DisableGlobalInt
 .text.USB_SetCurrentMode
                0x080047d4       0x98 ./Drivers/STM32F4xx_HAL_Driver/Src/stm32f4xx_ll_usb.o
                0x080047d4                USB_SetCurrentMode
 .text.USB_DevInit
                0x0800486c      0x2bc ./Drivers/STM32F4xx_HAL_Driver/Src/stm32f4xx_ll_usb.o
                0x0800486c                USB_DevInit
 .text.USB_FlushTxFifo
                0x08004b28       0x64 ./Drivers/STM32F4xx_HAL_Driver/Src/stm32f4xx_ll_usb.o
                0x08004b28                USB_FlushTxFifo
 .text.USB_FlushRxFifo
                0x08004b8c       0x5c ./Drivers/STM32F4xx_HAL_Driver/Src/stm32f4xx_ll_usb.o
                0x08004b8c                USB_FlushRxFifo
 .text.USB_SetDevSpeed
                0x08004be8       0x32 ./Drivers/STM32F4xx_HAL_Driver/Src/stm32f4xx_ll_usb.o
                0x08004be8                USB_SetDevSpeed
 .text.USB_GetDevSpeed
                0x08004c1a       0x4a ./Drivers/STM32F4xx_HAL_Driver/Src/stm32f4xx_ll_usb.o
                0x08004c1a                USB_GetDevSpeed
 .text.USB_ActivateEndpoint
                0x08004c64      0x10e ./Drivers/STM32F4xx_HAL_Driver/Src/stm32f4xx_ll_usb.o
                0x08004c64                USB_ActivateEndpoint
 *fill*         0x08004d72        0x2 
 .text.USB_DeactivateEndpoint
                0x08004d74      0x1b8 ./Drivers/STM32F4xx_HAL_Driver/Src/stm32f4xx_ll_usb.o
                0x08004d74                USB_DeactivateEndpoint
 .text.USB_EPStartXfer
                0x08004f2c      0x53c ./Drivers/STM32F4xx_HAL_Driver/Src/stm32f4xx_ll_usb.o
                0x08004f2c                USB_EPStartXfer
 .text.USB_EPStopXfer
                0x08005468      0x154 ./Drivers/STM32F4xx_HAL_Driver/Src/stm32f4xx_ll_usb.o
                0x08005468                USB_EPStopXfer
 .text.USB_WritePacket
                0x080055bc       0x7c ./Drivers/STM32F4xx_HAL_Driver/Src/stm32f4xx_ll_usb.o
                0x080055bc                USB_WritePacket
 .text.USB_ReadPacket
                0x08005638       0xb0 ./Drivers/STM32F4xx_HAL_Driver/Src/stm32f4xx_ll_usb.o
                0x08005638                USB_ReadPacket
 .text.USB_EPSetStall
                0x080056e8       0xdc ./Drivers/STM32F4xx_HAL_Driver/Src/stm32f4xx_ll_usb.o
                0x080056e8                USB_EPSetStall
 .text.USB_EPClearStall
                0x080057c4       0xcc ./Drivers/STM32F4xx_HAL_Driver/Src/stm32f4xx_ll_usb.o
                0x080057c4                USB_EPClearStall
 .text.USB_SetDevAddress
                0x08005890       0x4c ./Drivers/STM32F4xx_HAL_Driver/Src/stm32f4xx_ll_usb.o
                0x08005890                USB_SetDevAddress
 .text.USB_DevConnect
                0x080058dc       0x42 ./Drivers/STM32F4xx_HAL_Driver/Src/stm32f4xx_ll_usb.o
                0x080058dc                USB_DevConnect
 .text.USB_DevDisconnect
                0x0800591e       0x42 ./Drivers/STM32F4xx_HAL_Driver/Src/stm32f4xx_ll_usb.o
                0x0800591e                USB_DevDisconnect
 .text.USB_ReadInterrupts
                0x08005960       0x26 ./Drivers/STM32F4xx_HAL_Driver/Src/stm32f4xx_ll_usb.o
                0x08005960                USB_ReadInterrupts
 .text.USB_ReadDevAllOutEpInterrupt
                0x08005986       0x34 ./Drivers/STM32F4xx_HAL_Driver/Src/stm32f4xx_ll_usb.o
                0x08005986                USB_ReadDevAllOutEpInterrupt
 .text.USB_ReadDevAllInEpInterrupt
                0x080059ba       0x34 ./Drivers/STM32F4xx_HAL_Driver/Src/stm32f4xx_ll_usb.o
                0x080059ba                USB_ReadDevAllInEpInterrupt
 .text.USB_ReadDevOutEPInterrupt
                0x080059ee       0x3c ./Drivers/STM32F4xx_HAL_Driver/Src/stm32f4xx_ll_usb.o
                0x080059ee                USB_ReadDevOutEPInterrupt
 .text.USB_ReadDevInEPInterrupt
                0x08005a2a       0x5c ./Drivers/STM32F4xx_HAL_Driver/Src/stm32f4xx_ll_usb.o
                0x08005a2a                USB_ReadDevInEPInterrupt
 .text.USB_GetMode
                0x08005a86       0x1c ./Drivers/STM32F4xx_HAL_Driver/Src/stm32f4xx_ll_usb.o
                0x08005a86                USB_GetMode
 .text.USB_ActivateSetup
                0x08005aa2       0x46 ./Drivers/STM32F4xx_HAL_Driver/Src/stm32f4xx_ll_usb.o
                0x08005aa2                USB_ActivateSetup
 .text.USB_EP0_OutStart
                0x08005ae8       0xbc ./Drivers/STM32F4xx_HAL_Driver/Src/stm32f4xx_ll_usb.o
                0x08005ae8                USB_EP0_OutStart
 .text.USB_CoreReset
                0x08005ba4       0x62 ./Drivers/STM32F4xx_HAL_Driver/Src/stm32f4xx_ll_usb.o
 *fill*         0x08005c06        0x2 
 .text.USBD_CDC_Init
                0x08005c08      0x1f0 ./Middlewares/ST/STM32_USB_Device_Library/Class/CDC/Src/usbd_cdc.o
 .text.USBD_CDC_DeInit
                0x08005df8      0x104 ./Middlewares/ST/STM32_USB_Device_Library/Class/CDC/Src/usbd_cdc.o
 .text.USBD_CDC_Setup
                0x08005efc      0x1b8 ./Middlewares/ST/STM32_USB_Device_Library/Class/CDC/Src/usbd_cdc.o
 .text.USBD_CDC_DataIn
                0x080060b4       0xfe ./Middlewares/ST/STM32_USB_Device_Library/Class/CDC/Src/usbd_cdc.o
 .text.USBD_CDC_DataOut
                0x080061b2       0x70 ./Middlewares/ST/STM32_USB_Device_Library/Class/CDC/Src/usbd_cdc.o
 .text.USBD_CDC_EP0_RxReady
                0x08006222       0x74 ./Middlewares/ST/STM32_USB_Device_Library/Class/CDC/Src/usbd_cdc.o
 *fill*         0x08006296        0x2 
 .text.USBD_CDC_GetFSCfgDesc
                0x08006298       0x70 ./Middlewares/ST/STM32_USB_Device_Library/Class/CDC/Src/usbd_cdc.o
 .text.USBD_CDC_GetHSCfgDesc
                0x08006308       0x70 ./Middlewares/ST/STM32_USB_Device_Library/Class/CDC/Src/usbd_cdc.o
 .text.USBD_CDC_GetOtherSpeedCfgDesc
                0x08006378       0x70 ./Middlewares/ST/STM32_USB_Device_Library/Class/CDC/Src/usbd_cdc.o
 .text.USBD_CDC_GetDeviceQualifierDescriptor
                0x080063e8       0x20 ./Middlewares/ST/STM32_USB_Device_Library/Class/CDC/Src/usbd_cdc.o
                0x080063e8                USBD_CDC_GetDeviceQualifierDescriptor
 .text.USBD_CDC_RegisterInterface
                0x08006408       0x34 ./Middlewares/ST/STM32_USB_Device_Library/Class/CDC/Src/usbd_cdc.o
                0x08006408                USBD_CDC_RegisterInterface
 .text.USBD_CDC_SetTxBuffer
                0x0800643c       0x44 ./Middlewares/ST/STM32_USB_Device_Library/Class/CDC/Src/usbd_cdc.o
                0x0800643c                USBD_CDC_SetTxBuffer
 .text.USBD_CDC_SetRxBuffer
                0x08006480       0x3a ./Middlewares/ST/STM32_USB_Device_Library/Class/CDC/Src/usbd_cdc.o
                0x08006480                USBD_CDC_SetRxBuffer
 *fill*         0x080064ba        0x2 
 .text.USBD_CDC_ReceivePacket
                0x080064bc       0x6c ./Middlewares/ST/STM32_USB_Device_Library/Class/CDC/Src/usbd_cdc.o
                0x080064bc                USBD_CDC_ReceivePacket
 .text.USBD_Init
                0x08006528       0x60 ./Middlewares/ST/STM32_USB_Device_Library/Core/Src/usbd_core.o
                0x08006528                USBD_Init
 .text.USBD_RegisterClass
                0x08006588       0x6c ./Middlewares/ST/STM32_USB_Device_Library/Core/Src/usbd_core.o
                0x08006588                USBD_RegisterClass
 .text.USBD_Start
                0x080065f4       0x18 ./Middlewares/ST/STM32_USB_Device_Library/Core/Src/usbd_core.o
                0x080065f4                USBD_Start
 .text.USBD_RunTestMode
                0x0800660c       0x16 ./Middlewares/ST/STM32_USB_Device_Library/Core/Src/usbd_core.o
                0x0800660c                USBD_RunTestMode
 .text.USBD_SetClassConfig
                0x08006622       0x38 ./Middlewares/ST/STM32_USB_Device_Library/Core/Src/usbd_core.o
                0x08006622                USBD_SetClassConfig
 .text.USBD_ClrClassConfig
                0x0800665a       0x34 ./Middlewares/ST/STM32_USB_Device_Library/Core/Src/usbd_core.o
                0x0800665a                USBD_ClrClassConfig
 .text.USBD_LL_SetupStage
                0x0800668e       0xaa ./Middlewares/ST/STM32_USB_Device_Library/Core/Src/usbd_core.o
                0x0800668e                USBD_LL_SetupStage
 .text.USBD_LL_DataOutStage
                0x08006738      0x166 ./Middlewares/ST/STM32_USB_Device_Library/Core/Src/usbd_core.o
                0x08006738                USBD_LL_DataOutStage
 .text.USBD_LL_DataInStage
                0x0800689e      0x164 ./Middlewares/ST/STM32_USB_Device_Library/Core/Src/usbd_core.o
                0x0800689e                USBD_LL_DataInStage
 .text.USBD_LL_Reset
                0x08006a02       0xa4 ./Middlewares/ST/STM32_USB_Device_Library/Core/Src/usbd_core.o
                0x08006a02                USBD_LL_Reset
 .text.USBD_LL_SetSpeed
                0x08006aa6       0x20 ./Middlewares/ST/STM32_USB_Device_Library/Core/Src/usbd_core.o
                0x08006aa6                USBD_LL_SetSpeed
 .text.USBD_LL_Suspend
                0x08006ac6       0x38 ./Middlewares/ST/STM32_USB_Device_Library/Core/Src/usbd_core.o
                0x08006ac6                USBD_LL_Suspend
 .text.USBD_LL_Resume
                0x08006afe       0x30 ./Middlewares/ST/STM32_USB_Device_Library/Core/Src/usbd_core.o
                0x08006afe                USBD_LL_Resume
 .text.USBD_LL_SOF
                0x08006b2e       0x40 ./Middlewares/ST/STM32_USB_Device_Library/Core/Src/usbd_core.o
                0x08006b2e                USBD_LL_SOF
 .text.USBD_LL_IsoINIncomplete
                0x08006b6e       0x64 ./Middlewares/ST/STM32_USB_Device_Library/Core/Src/usbd_core.o
                0x08006b6e                USBD_LL_IsoINIncomplete
 .text.USBD_LL_IsoOUTIncomplete
                0x08006bd2       0x64 ./Middlewares/ST/STM32_USB_Device_Library/Core/Src/usbd_core.o
                0x08006bd2                USBD_LL_IsoOUTIncomplete
 .text.USBD_LL_DevConnected
                0x08006c36       0x16 ./Middlewares/ST/STM32_USB_Device_Library/Core/Src/usbd_core.o
                0x08006c36                USBD_LL_DevConnected
 .text.USBD_LL_DevDisconnected
                0x08006c4c       0x46 ./Middlewares/ST/STM32_USB_Device_Library/Core/Src/usbd_core.o
                0x08006c4c                USBD_LL_DevDisconnected
 .text.USBD_CoreFindIF
                0x08006c92       0x1a ./Middlewares/ST/STM32_USB_Device_Library/Core/Src/usbd_core.o
                0x08006c92                USBD_CoreFindIF
 .text.USBD_CoreFindEP
                0x08006cac       0x1a ./Middlewares/ST/STM32_USB_Device_Library/Core/Src/usbd_core.o
                0x08006cac                USBD_CoreFindEP
 .text.USBD_GetEpDesc
                0x08006cc6       0x70 ./Middlewares/ST/STM32_USB_Device_Library/Core/Src/usbd_core.o
                0x08006cc6                USBD_GetEpDesc
 .text.USBD_GetNextDesc
                0x08006d36       0x38 ./Middlewares/ST/STM32_USB_Device_Library/Core/Src/usbd_core.o
                0x08006d36                USBD_GetNextDesc
 .text.SWAPBYTE
                0x08006d6e       0x3c ./Middlewares/ST/STM32_USB_Device_Library/Core/Src/usbd_ctlreq.o
 *fill*         0x08006daa        0x2 
 .text.USBD_StdDevReq
                0x08006dac       0xe4 ./Middlewares/ST/STM32_USB_Device_Library/Core/Src/usbd_ctlreq.o
                0x08006dac                USBD_StdDevReq
 .text.USBD_StdItfReq
                0x08006e90       0xd8 ./Middlewares/ST/STM32_USB_Device_Library/Core/Src/usbd_ctlreq.o
                0x08006e90                USBD_StdItfReq
 .text.USBD_StdEPReq
                0x08006f68      0x33a ./Middlewares/ST/STM32_USB_Device_Library/Core/Src/usbd_ctlreq.o
                0x08006f68                USBD_StdEPReq
 *fill*         0x080072a2        0x2 
 .text.USBD_GetDescriptor
                0x080072a4      0x328 ./Middlewares/ST/STM32_USB_Device_Library/Core/Src/usbd_ctlreq.o
 .text.USBD_SetAddress
                0x080075cc       0x88 ./Middlewares/ST/STM32_USB_Device_Library/Core/Src/usbd_ctlreq.o
 .text.USBD_SetConfig
                0x08007654      0x154 ./Middlewares/ST/STM32_USB_Device_Library/Core/Src/usbd_ctlreq.o
 .text.USBD_GetConfig
                0x080077a8       0x6c ./Middlewares/ST/STM32_USB_Device_Library/Core/Src/usbd_ctlreq.o
 .text.USBD_GetStatus
                0x08007814       0x68 ./Middlewares/ST/STM32_USB_Device_Library/Core/Src/usbd_ctlreq.o
 .text.USBD_SetFeature
                0x0800787c       0x52 ./Middlewares/ST/STM32_USB_Device_Library/Core/Src/usbd_ctlreq.o
 .text.USBD_ClrFeature
                0x080078ce       0x44 ./Middlewares/ST/STM32_USB_Device_Library/Core/Src/usbd_ctlreq.o
 .text.USBD_ParseSetupRequest
                0x08007912       0x74 ./Middlewares/ST/STM32_USB_Device_Library/Core/Src/usbd_ctlreq.o
                0x08007912                USBD_ParseSetupRequest
 .text.USBD_CtlError
                0x08007986       0x22 ./Middlewares/ST/STM32_USB_Device_Library/Core/Src/usbd_ctlreq.o
                0x08007986                USBD_CtlError
 .text.USBD_GetString
                0x080079a8       0xa4 ./Middlewares/ST/STM32_USB_Device_Library/Core/Src/usbd_ctlreq.o
                0x080079a8                USBD_GetString
 .text.USBD_GetLen
                0x08007a4c       0x34 ./Middlewares/ST/STM32_USB_Device_Library/Core/Src/usbd_ctlreq.o
 .text.USBD_CtlSendData
                0x08007a80       0x36 ./Middlewares/ST/STM32_USB_Device_Library/Core/Src/usbd_ioreq.o
                0x08007a80                USBD_CtlSendData
 .text.USBD_CtlContinueSendData
                0x08007ab6       0x22 ./Middlewares/ST/STM32_USB_Device_Library/Core/Src/usbd_ioreq.o
                0x08007ab6                USBD_CtlContinueSendData
 .text.USBD_CtlPrepareRx
                0x08007ad8       0x3a ./Middlewares/ST/STM32_USB_Device_Library/Core/Src/usbd_ioreq.o
                0x08007ad8                USBD_CtlPrepareRx
 .text.USBD_CtlContinueRx
                0x08007b12       0x22 ./Middlewares/ST/STM32_USB_Device_Library/Core/Src/usbd_ioreq.o
                0x08007b12                USBD_CtlContinueRx
 .text.USBD_CtlSendStatus
                0x08007b34       0x26 ./Middlewares/ST/STM32_USB_Device_Library/Core/Src/usbd_ioreq.o
                0x08007b34                USBD_CtlSendStatus
 .text.USBD_CtlReceiveStatus
                0x08007b5a       0x26 ./Middlewares/ST/STM32_USB_Device_Library/Core/Src/usbd_ioreq.o
                0x08007b5a                USBD_CtlReceiveStatus
 .text.MX_USB_DEVICE_Init
                0x08007b80       0x60 ./USB_DEVICE/App/usb_device.o
                0x08007b80                MX_USB_DEVICE_Init
 .text.CDC_Init_FS
                0x08007be0       0x28 ./USB_DEVICE/App/usbd_cdc_if.o
 .text.CDC_DeInit_FS
                0x08007c08       0x10 ./USB_DEVICE/App/usbd_cdc_if.o
 .text.CDC_Control_FS
                0x08007c18       0xbc ./USB_DEVICE/App/usbd_cdc_if.o
 .text.CDC_Receive_FS
                0x08007cd4       0x28 ./USB_DEVICE/App/usbd_cdc_if.o
 .text.CDC_TransmitCplt_FS
                0x08007cfc       0x22 ./USB_DEVICE/App/usbd_cdc_if.o
 *fill*         0x08007d1e        0x2 
 .text.USBD_FS_DeviceDescriptor
                0x08007d20       0x24 ./USB_DEVICE/App/usbd_desc.o
                0x08007d20                USBD_FS_DeviceDescriptor
 .text.USBD_FS_LangIDStrDescriptor
                0x08007d44       0x24 ./USB_DEVICE/App/usbd_desc.o
                0x08007d44                USBD_FS_LangIDStrDescriptor
 .text.USBD_FS_ProductStrDescriptor
                0x08007d68       0x3c ./USB_DEVICE/App/usbd_desc.o
                0x08007d68                USBD_FS_ProductStrDescriptor
 .text.USBD_FS_ManufacturerStrDescriptor
                0x08007da4       0x28 ./USB_DEVICE/App/usbd_desc.o
                0x08007da4                USBD_FS_ManufacturerStrDescriptor
 .text.USBD_FS_SerialStrDescriptor
                0x08007dcc       0x24 ./USB_DEVICE/App/usbd_desc.o
                0x08007dcc                USBD_FS_SerialStrDescriptor
 .text.USBD_FS_ConfigStrDescriptor
                0x08007df0       0x3c ./USB_DEVICE/App/usbd_desc.o
                0x08007df0                USBD_FS_ConfigStrDescriptor
 .text.USBD_FS_InterfaceStrDescriptor
                0x08007e2c       0x3c ./USB_DEVICE/App/usbd_desc.o
                0x08007e2c                USBD_FS_InterfaceStrDescriptor
 .text.USBD_FS_USR_BOSDescriptor
                0x08007e68       0x24 ./USB_DEVICE/App/usbd_desc.o
                0x08007e68                USBD_FS_USR_BOSDescriptor
 .text.Get_SerialNum
                0x08007e8c       0x58 ./USB_DEVICE/App/usbd_desc.o
 .text.IntToUnicode
                0x08007ee4       0x7e ./USB_DEVICE/App/usbd_desc.o
 *fill*         0x08007f62        0x2 
 .text.HAL_PCD_MspInit
                0x08007f64       0xd4 ./USB_DEVICE/Target/usbd_conf.o
                0x08007f64                HAL_PCD_MspInit
 .text.HAL_PCD_SetupStageCallback
                0x08008038       0x24 ./USB_DEVICE/Target/usbd_conf.o
                0x08008038                HAL_PCD_SetupStageCallback
 .text.HAL_PCD_DataOutStageCallback
                0x0800805c       0x36 ./USB_DEVICE/Target/usbd_conf.o
                0x0800805c                HAL_PCD_DataOutStageCallback
 .text.HAL_PCD_DataInStageCallback
                0x08008092       0x34 ./USB_DEVICE/Target/usbd_conf.o
                0x08008092                HAL_PCD_DataInStageCallback
 .text.HAL_PCD_SOFCallback
                0x080080c6       0x1c ./USB_DEVICE/Target/usbd_conf.o
                0x080080c6                HAL_PCD_SOFCallback
 .text.HAL_PCD_ResetCallback
                0x080080e2       0x50 ./USB_DEVICE/Target/usbd_conf.o
                0x080080e2                HAL_PCD_ResetCallback
 *fill*         0x08008132        0x2 
 .text.HAL_PCD_SuspendCallback
                0x08008134       0x4c ./USB_DEVICE/Target/usbd_conf.o
                0x08008134                HAL_PCD_SuspendCallback
 .text.HAL_PCD_ResumeCallback
                0x08008180       0x1c ./USB_DEVICE/Target/usbd_conf.o
                0x08008180                HAL_PCD_ResumeCallback
 .text.HAL_PCD_ISOOUTIncompleteCallback
                0x0800819c       0x24 ./USB_DEVICE/Target/usbd_conf.o
                0x0800819c                HAL_PCD_ISOOUTIncompleteCallback
 .text.HAL_PCD_ISOINIncompleteCallback
                0x080081c0       0x24 ./USB_DEVICE/Target/usbd_conf.o
                0x080081c0                HAL_PCD_ISOINIncompleteCallback
 .text.HAL_PCD_ConnectCallback
                0x080081e4       0x1c ./USB_DEVICE/Target/usbd_conf.o
                0x080081e4                HAL_PCD_ConnectCallback
 .text.HAL_PCD_DisconnectCallback
                0x08008200       0x1c ./USB_DEVICE/Target/usbd_conf.o
                0x08008200                HAL_PCD_DisconnectCallback
 .text.USBD_LL_Init
                0x0800821c       0x98 ./USB_DEVICE/Target/usbd_conf.o
                0x0800821c                USBD_LL_Init
 .text.USBD_LL_Start
                0x080082b4       0x36 ./USB_DEVICE/Target/usbd_conf.o
                0x080082b4                USBD_LL_Start
 .text.USBD_LL_OpenEP
                0x080082ea       0x4c ./USB_DEVICE/Target/usbd_conf.o
                0x080082ea                USBD_LL_OpenEP
 .text.USBD_LL_CloseEP
                0x08008336       0x3e ./USB_DEVICE/Target/usbd_conf.o
                0x08008336                USBD_LL_CloseEP
 .text.USBD_LL_StallEP
                0x08008374       0x3e ./USB_DEVICE/Target/usbd_conf.o
                0x08008374                USBD_LL_StallEP
 .text.USBD_LL_ClearStallEP
                0x080083b2       0x3e ./USB_DEVICE/Target/usbd_conf.o
                0x080083b2                USBD_LL_ClearStallEP
 .text.USBD_LL_IsStallEP
                0x080083f0       0x58 ./USB_DEVICE/Target/usbd_conf.o
                0x080083f0                USBD_LL_IsStallEP
 .text.USBD_LL_SetUSBAddress
                0x08008448       0x3e ./USB_DEVICE/Target/usbd_conf.o
                0x08008448                USBD_LL_SetUSBAddress
 .text.USBD_LL_Transmit
                0x08008486       0x42 ./USB_DEVICE/Target/usbd_conf.o
                0x08008486                USBD_LL_Transmit
 .text.USBD_LL_PrepareReceive
                0x080084c8       0x42 ./USB_DEVICE/Target/usbd_conf.o
                0x080084c8                USBD_LL_PrepareReceive
 .text.USBD_LL_GetRxDataSize
                0x0800850a       0x26 ./USB_DEVICE/Target/usbd_conf.o
                0x0800850a                USBD_LL_GetRxDataSize
 .text.HAL_PCDEx_LPM_Callback
                0x08008530       0x9c ./USB_DEVICE/Target/usbd_conf.o
                0x08008530                HAL_PCDEx_LPM_Callback
 .text.USBD_static_malloc
                0x080085cc       0x1c ./USB_DEVICE/Target/usbd_conf.o
                0x080085cc                USBD_static_malloc
 .text.USBD_static_free
                0x080085e8       0x14 ./USB_DEVICE/Target/usbd_conf.o
                0x080085e8                USBD_static_free
 .text.USBD_Get_USB_Status
                0x080085fc       0x58 ./USB_DEVICE/Target/usbd_conf.o
                0x080085fc                USBD_Get_USB_Status
 .text.memset   0x08008654       0x10 /opt/stm32cubeide/plugins/com.st.stm32cube.ide.mcu.externaltools.gnu-tools-for-stm32.12.3.rel1.linux64_1.0.200.202406132123/tools/bin/../lib/gcc/arm-none-eabi/12.3.1/../../../../arm-none-eabi/lib/thumb/v7e-m+fp/hard/libc_nano.a(libc_a-memset.o)
                0x08008654                memset
 .text.__libc_init_array
                0x08008664       0x48 /opt/stm32cubeide/plugins/com.st.stm32cube.ide.mcu.externaltools.gnu-tools-for-stm32.12.3.rel1.linux64_1.0.200.202406132123/tools/bin/../lib/gcc/arm-none-eabi/12.3.1/../../../../arm-none-eabi/lib/thumb/v7e-m+fp/hard/libc_nano.a(libc_a-init.o)
                0x08008664                __libc_init_array
 *(.glue_7)
 .glue_7        0x080086ac        0x0 linker stubs
 *(.glue_7t)
 .glue_7t       0x080086ac        0x0 linker stubs
 *(.eh_frame)
 .eh_frame      0x080086ac        0x0 /opt/stm32cubeide/plugins/com.st.stm32cube.ide.mcu.externaltools.gnu-tools-for-stm32.12.3.rel1.linux64_1.0.200.202406132123/tools/bin/../lib/gcc/arm-none-eabi/12.3.1/thumb/v7e-m+fp/hard/crtbegin.o
 *(.init)
 .init          0x080086ac        0x4 /opt/stm32cubeide/plugins/com.st.stm32cube.ide.mcu.externaltools.gnu-tools-for-stm32.12.3.rel1.linux64_1.0.200.202406132123/tools/bin/../lib/gcc/arm-none-eabi/12.3.1/thumb/v7e-m+fp/hard/crti.o
                0x080086ac                _init
 .init          0x080086b0        0x8 /opt/stm32cubeide/plugins/com.st.stm32cube.ide.mcu.externaltools.gnu-tools-for-stm32.12.3.rel1.linux64_1.0.200.202406132123/tools/bin/../lib/gcc/arm-none-eabi/12.3.1/thumb/v7e-m+fp/hard/crtn.o
 *(.fini)
 .fini          0x080086b8        0x4 /opt/stm32cubeide/plugins/com.st.stm32cube.ide.mcu.externaltools.gnu-tools-for-stm32.12.3.rel1.linux64_1.0.200.202406132123/tools/bin/../lib/gcc/arm-none-eabi/12.3.1/thumb/v7e-m+fp/hard/crti.o
                0x080086b8                _fini
 .fini          0x080086bc        0x8 /opt/stm32cubeide/plugins/com.st.stm32cube.ide.mcu.externaltools.gnu-tools-for-stm32.12.3.rel1.linux64_1.0.200.202406132123/tools/bin/../lib/gcc/arm-none-eabi/12.3.1/thumb/v7e-m+fp/hard/crtn.o
                0x080086c4                        . = ALIGN (0x4)
                0x080086c4                        _etext = .

.vfp11_veneer   0x080086c4        0x0
 .vfp11_veneer  0x080086c4        0x0 linker stubs

.v4_bx          0x080086c4        0x0
 .v4_bx         0x080086c4        0x0 linker stubs

.iplt           0x080086c4        0x0
 .iplt          0x080086c4        0x0 /opt/stm32cubeide/plugins/com.st.stm32cube.ide.mcu.externaltools.gnu-tools-for-stm32.12.3.rel1.linux64_1.0.200.202406132123/tools/bin/../lib/gcc/arm-none-eabi/12.3.1/thumb/v7e-m+fp/hard/crtbegin.o

.rodata         0x080086c4       0x60
                0x080086c4                        . = ALIGN (0x4)
 *(.rodata)
 .rodata        0x080086c4       0x46 ./USB_DEVICE/App/usbd_desc.o
 *(.rodata*)
 *fill*         0x0800870a        0x2 
 .rodata.AHBPrescTable
                0x0800870c       0x10 ./Core/Src/system_stm32f4xx.o
                0x0800870c                AHBPrescTable
 .rodata.APBPrescTable
                0x0800871c        0x8 ./Core/Src/system_stm32f4xx.o
                0x0800871c                APBPrescTable
                0x08008724                        . = ALIGN (0x4)

.ARM.extab      0x08008724        0x0
                0x08008724                        . = ALIGN (0x4)
 *(.ARM.extab* .gnu.linkonce.armextab.*)
                0x08008724                        . = ALIGN (0x4)

.ARM            0x08008724        0x8
                0x08008724                        . = ALIGN (0x4)
                0x08008724                        __exidx_start = .
 *(.ARM.exidx*)
 .ARM.exidx     0x08008724        0x8 /opt/stm32cubeide/plugins/com.st.stm32cube.ide.mcu.externaltools.gnu-tools-for-stm32.12.3.rel1.linux64_1.0.200.202406132123/tools/bin/../lib/gcc/arm-none-eabi/12.3.1/thumb/v7e-m+fp/hard/libgcc.a(_udivmoddi4.o)
                0x0800872c                        __exidx_end = .
                0x0800872c                        . = ALIGN (0x4)

.preinit_array  0x0800872c        0x0
                0x0800872c                        . = ALIGN (0x4)
                0x0800872c                        PROVIDE (__preinit_array_start = .)
 *(.preinit_array*)
                0x0800872c                        PROVIDE (__preinit_array_end = .)
                0x0800872c                        . = ALIGN (0x4)

.init_array     0x0800872c        0x4
                0x0800872c                        . = ALIGN (0x4)
                0x0800872c                        PROVIDE (__init_array_start = .)
 *(SORT_BY_NAME(.init_array.*))
 *(.init_array*)
 .init_array    0x0800872c        0x4 /opt/stm32cubeide/plugins/com.st.stm32cube.ide.mcu.externaltools.gnu-tools-for-stm32.12.3.rel1.linux64_1.0.200.202406132123/tools/bin/../lib/gcc/arm-none-eabi/12.3.1/thumb/v7e-m+fp/hard/crtbegin.o
                0x08008730                        PROVIDE (__init_array_end = .)
                0x08008730                        . = ALIGN (0x4)

.fini_array     0x08008730        0x4
                0x08008730                        . = ALIGN (0x4)
                [!provide]                        PROVIDE (__fini_array_start = .)
 *(SORT_BY_NAME(.fini_array.*))
 *(.fini_array*)
 .fini_array    0x08008730        0x4 /opt/stm32cubeide/plugins/com.st.stm32cube.ide.mcu.externaltools.gnu-tools-for-stm32.12.3.rel1.linux64_1.0.200.202406132123/tools/bin/../lib/gcc/arm-none-eabi/12.3.1/thumb/v7e-m+fp/hard/crtbegin.o
                [!provide]                        PROVIDE (__fini_array_end = .)
                0x08008734                        . = ALIGN (0x4)
                0x08008734                        _sidata = LOADADDR (.data)

.rel.dyn        0x08008734        0x0
 .rel.iplt      0x08008734        0x0 /opt/stm32cubeide/plugins/com.st.stm32cube.ide.mcu.externaltools.gnu-tools-for-stm32.12.3.rel1.linux64_1.0.200.202406132123/tools/bin/../lib/gcc/arm-none-eabi/12.3.1/thumb/v7e-m+fp/hard/crtbegin.o

.data           0x20000000      0x128 load address 0x08008734
                0x20000000                        . = ALIGN (0x4)
                0x20000000                        _sdata = .
 *(.data)
 *(.data*)
 .data.tx_buff  0x20000000       0x1b ./Core/Src/main.o
                0x20000000                tx_buff
 *fill*         0x2000001b        0x1 
 .data.SystemCoreClock
                0x2000001c        0x4 ./Core/Src/system_stm32f4xx.o
                0x2000001c                SystemCoreClock
 .data.uwTickPrio
                0x20000020        0x4 ./Drivers/STM32F4xx_HAL_Driver/Src/stm32f4xx_hal.o
                0x20000020                uwTickPrio
 .data.uwTickFreq
                0x20000024        0x1 ./Drivers/STM32F4xx_HAL_Driver/Src/stm32f4xx_hal.o
                0x20000024                uwTickFreq
 *fill*         0x20000025        0x3 
 .data.USBD_CDC_DeviceQualifierDesc
                0x20000028        0xa ./Middlewares/ST/STM32_USB_Device_Library/Class/CDC/Src/usbd_cdc.o
 *fill*         0x20000032        0x2 
 .data.USBD_CDC
                0x20000034       0x38 ./Middlewares/ST/STM32_USB_Device_Library/Class/CDC/Src/usbd_cdc.o
                0x20000034                USBD_CDC
 .data.USBD_CDC_CfgDesc
                0x2000006c       0x43 ./Middlewares/ST/STM32_USB_Device_Library/Class/CDC/Src/usbd_cdc.o
 .data.CDCInEpAdd
                0x200000af        0x1 ./Middlewares/ST/STM32_USB_Device_Library/Class/CDC/Src/usbd_cdc.o
 .data.CDCOutEpAdd
                0x200000b0        0x1 ./Middlewares/ST/STM32_USB_Device_Library/Class/CDC/Src/usbd_cdc.o
 .data.CDCCmdEpAdd
                0x200000b1        0x1 ./Middlewares/ST/STM32_USB_Device_Library/Class/CDC/Src/usbd_cdc.o
 *fill*         0x200000b2        0x2 
 .data.USBD_Interface_fops_FS
                0x200000b4       0x14 ./USB_DEVICE/App/usbd_cdc_if.o
                0x200000b4                USBD_Interface_fops_FS
 .data.FS_Desc  0x200000c8       0x20 ./USB_DEVICE/App/usbd_desc.o
                0x200000c8                FS_Desc
 .data.USBD_FS_DeviceDesc
                0x200000e8       0x12 ./USB_DEVICE/App/usbd_desc.o
                0x200000e8                USBD_FS_DeviceDesc
 *fill*         0x200000fa        0x2 
 .data.USBD_FS_BOSDesc
                0x200000fc        0xc ./USB_DEVICE/App/usbd_desc.o
                0x200000fc                USBD_FS_BOSDesc
 .data.USBD_LangIDDesc
                0x20000108        0x4 ./USB_DEVICE/App/usbd_desc.o
                0x20000108                USBD_LangIDDesc
 .data.USBD_StringSerial
                0x2000010c       0x1a ./USB_DEVICE/App/usbd_desc.o
                0x2000010c                USBD_StringSerial
 *(.RamFunc)
 *(.RamFunc*)
                0x20000128                        . = ALIGN (0x4)
 *fill*         0x20000126        0x2 
                0x20000128                        _edata = .

.igot.plt       0x20000128        0x0 load address 0x0800885c
 .igot.plt      0x20000128        0x0 /opt/stm32cubeide/plugins/com.st.stm32cube.ide.mcu.externaltools.gnu-tools-for-stm32.12.3.rel1.linux64_1.0.200.202406132123/tools/bin/../lib/gcc/arm-none-eabi/12.3.1/thumb/v7e-m+fp/hard/crtbegin.o
                0x20000128                        . = ALIGN (0x4)

.bss            0x20000128     0x1c4c load address 0x0800885c
                0x20000128                        _sbss = .
                0x20000128                        __bss_start__ = _sbss
 *(.bss)
 .bss           0x20000128       0x1c /opt/stm32cubeide/plugins/com.st.stm32cube.ide.mcu.externaltools.gnu-tools-for-stm32.12.3.rel1.linux64_1.0.200.202406132123/tools/bin/../lib/gcc/arm-none-eabi/12.3.1/thumb/v7e-m+fp/hard/crtbegin.o
 *(.bss*)
 .bss.huart2    0x20000144       0x48 ./Core/Src/main.o
                0x20000144                huart2
 .bss.uwTick    0x2000018c        0x4 ./Drivers/STM32F4xx_HAL_Driver/Src/stm32f4xx_hal.o
                0x2000018c                uwTick
 .bss.cfgidx.0  0x20000190        0x1 ./Middlewares/ST/STM32_USB_Device_Library/Core/Src/usbd_ctlreq.o
 *fill*         0x20000191        0x3 
 .bss.hUsbDeviceFS
                0x20000194      0x2dc ./USB_DEVICE/App/usb_device.o
                0x20000194                hUsbDeviceFS
 .bss.UserRxBufferFS
                0x20000470      0x800 ./USB_DEVICE/App/usbd_cdc_if.o
                0x20000470                UserRxBufferFS
 .bss.UserTxBufferFS
                0x20000c70      0x800 ./USB_DEVICE/App/usbd_cdc_if.o
                0x20000c70                UserTxBufferFS
 .bss.USBD_StrDesc
                0x20001470      0x200 ./USB_DEVICE/App/usbd_desc.o
                0x20001470                USBD_StrDesc
 .bss.hpcd_USB_OTG_FS
                0x20001670      0x4e4 ./USB_DEVICE/Target/usbd_conf.o
                0x20001670                hpcd_USB_OTG_FS
 .bss.mem.0     0x20001b54      0x220 ./USB_DEVICE/Target/usbd_conf.o
 *(COMMON)
                0x20001d74                        . = ALIGN (0x4)
                0x20001d74                        _ebss = .
                0x20001d74                        __bss_end__ = _ebss

._user_heap_stack
                0x20001d74      0x604 load address 0x0800885c
                0x20001d78                        . = ALIGN (0x8)
 *fill*         0x20001d74        0x4 
                [!provide]                        PROVIDE (end = .)
                0x20001d78                        PROVIDE (_end = .)
                0x20001f78                        . = (. + _Min_Heap_Size)
 *fill*         0x20001d78      0x200 
                0x20002378                        . = (. + _Min_Stack_Size)
 *fill*         0x20001f78      0x400 
                0x20002378                        . = ALIGN (0x8)

/DISCARD/
 libc.a(*)
 libm.a(*)
 libgcc.a(*)

.ARM.attributes
                0x00000000       0x30
 *(.ARM.attributes)
 .ARM.attributes
                0x00000000       0x22 /opt/stm32cubeide/plugins/com.st.stm32cube.ide.mcu.externaltools.gnu-tools-for-stm32.12.3.rel1.linux64_1.0.200.202406132123/tools/bin/../lib/gcc/arm-none-eabi/12.3.1/thumb/v7e-m+fp/hard/crti.o
 .ARM.attributes
                0x00000022       0x34 /opt/stm32cubeide/plugins/com.st.stm32cube.ide.mcu.externaltools.gnu-tools-for-stm32.12.3.rel1.linux64_1.0.200.202406132123/tools/bin/../lib/gcc/arm-none-eabi/12.3.1/thumb/v7e-m+fp/hard/crtbegin.o
 .ARM.attributes
                0x00000056       0x34 ./Core/Src/main.o
 .ARM.attributes
                0x0000008a       0x34 ./Core/Src/stm32f4xx_hal_msp.o
 .ARM.attributes
                0x000000be       0x34 ./Core/Src/stm32f4xx_it.o
 .ARM.attributes
                0x000000f2       0x34 ./Core/Src/system_stm32f4xx.o
 .ARM.attributes
                0x00000126       0x21 ./Core/Startup/startup_stm32f446retx.o
 .ARM.attributes
                0x00000147       0x34 ./Drivers/STM32F4xx_HAL_Driver/Src/stm32f4xx_hal.o
 .ARM.attributes
                0x0000017b       0x34 ./Drivers/STM32F4xx_HAL_Driver/Src/stm32f4xx_hal_cortex.o
 .ARM.attributes
                0x000001af       0x34 ./Drivers/STM32F4xx_HAL_Driver/Src/stm32f4xx_hal_dma.o
 .ARM.attributes
                0x000001e3       0x34 ./Drivers/STM32F4xx_HAL_Driver/Src/stm32f4xx_hal_gpio.o
 .ARM.attributes
                0x00000217       0x34 ./Drivers/STM32F4xx_HAL_Driver/Src/stm32f4xx_hal_pcd.o
 .ARM.attributes
                0x0000024b       0x34 ./Drivers/STM32F4xx_HAL_Driver/Src/stm32f4xx_hal_pcd_ex.o
 .ARM.attributes
                0x0000027f       0x34 ./Drivers/STM32F4xx_HAL_Driver/Src/stm32f4xx_hal_rcc.o
 .ARM.attributes
                0x000002b3       0x34 ./Drivers/STM32F4xx_HAL_Driver/Src/stm32f4xx_hal_rcc_ex.o
 .ARM.attributes
                0x000002e7       0x34 ./Drivers/STM32F4xx_HAL_Driver/Src/stm32f4xx_hal_uart.o
 .ARM.attributes
                0x0000031b       0x34 ./Drivers/STM32F4xx_HAL_Driver/Src/stm32f4xx_ll_usb.o
 .ARM.attributes
                0x0000034f       0x34 ./Middlewares/ST/STM32_USB_Device_Library/Class/CDC/Src/usbd_cdc.o
 .ARM.attributes
                0x00000383       0x34 ./Middlewares/ST/STM32_USB_Device_Library/Core/Src/usbd_core.o
 .ARM.attributes
                0x000003b7       0x34 ./Middlewares/ST/STM32_USB_Device_Library/Core/Src/usbd_ctlreq.o
 .ARM.attributes
                0x000003eb       0x34 ./Middlewares/ST/STM32_USB_Device_Library/Core/Src/usbd_ioreq.o
 .ARM.attributes
                0x0000041f       0x34 ./USB_DEVICE/App/usb_device.o
 .ARM.attributes
                0x00000453       0x34 ./USB_DEVICE/App/usbd_cdc_if.o
 .ARM.attributes
                0x00000487       0x34 ./USB_DEVICE/App/usbd_desc.o
 .ARM.attributes
                0x000004bb       0x34 ./USB_DEVICE/Target/usbd_conf.o
 .ARM.attributes
                0x000004ef       0x34 /opt/stm32cubeide/plugins/com.st.stm32cube.ide.mcu.externaltools.gnu-tools-for-stm32.12.3.rel1.linux64_1.0.200.202406132123/tools/bin/../lib/gcc/arm-none-eabi/12.3.1/../../../../arm-none-eabi/lib/thumb/v7e-m+fp/hard/libc_nano.a(libc_a-memset.o)
 .ARM.attributes
                0x00000523       0x34 /opt/stm32cubeide/plugins/com.st.stm32cube.ide.mcu.externaltools.gnu-tools-for-stm32.12.3.rel1.linux64_1.0.200.202406132123/tools/bin/../lib/gcc/arm-none-eabi/12.3.1/../../../../arm-none-eabi/lib/thumb/v7e-m+fp/hard/libc_nano.a(libc_a-init.o)
 .ARM.attributes
                0x00000557       0x22 /opt/stm32cubeide/plugins/com.st.stm32cube.ide.mcu.externaltools.gnu-tools-for-stm32.12.3.rel1.linux64_1.0.200.202406132123/tools/bin/../lib/gcc/arm-none-eabi/12.3.1/thumb/v7e-m+fp/hard/libgcc.a(_aeabi_uldivmod.o)
 .ARM.attributes
                0x00000579       0x34 /opt/stm32cubeide/plugins/com.st.stm32cube.ide.mcu.externaltools.gnu-tools-for-stm32.12.3.rel1.linux64_1.0.200.202406132123/tools/bin/../lib/gcc/arm-none-eabi/12.3.1/thumb/v7e-m+fp/hard/libgcc.a(_udivmoddi4.o)
 .ARM.attributes
                0x000005ad       0x22 /opt/stm32cubeide/plugins/com.st.stm32cube.ide.mcu.externaltools.gnu-tools-for-stm32.12.3.rel1.linux64_1.0.200.202406132123/tools/bin/../lib/gcc/arm-none-eabi/12.3.1/thumb/v7e-m+fp/hard/libgcc.a(_dvmd_tls.o)
 .ARM.attributes
                0x000005cf       0x22 /opt/stm32cubeide/plugins/com.st.stm32cube.ide.mcu.externaltools.gnu-tools-for-stm32.12.3.rel1.linux64_1.0.200.202406132123/tools/bin/../lib/gcc/arm-none-eabi/12.3.1/thumb/v7e-m+fp/hard/crtn.o
OUTPUT(UART_playground.elf elf32-littlearm)
LOAD linker stubs
LOAD /opt/stm32cubeide/plugins/com.st.stm32cube.ide.mcu.externaltools.gnu-tools-for-stm32.12.3.rel1.linux64_1.0.200.202406132123/tools/bin/../lib/gcc/arm-none-eabi/12.3.1/../../../../arm-none-eabi/lib/thumb/v7e-m+fp/hard/libc.a
LOAD /opt/stm32cubeide/plugins/com.st.stm32cube.ide.mcu.externaltools.gnu-tools-for-stm32.12.3.rel1.linux64_1.0.200.202406132123/tools/bin/../lib/gcc/arm-none-eabi/12.3.1/../../../../arm-none-eabi/lib/thumb/v7e-m+fp/hard/libm.a
LOAD /opt/stm32cubeide/plugins/com.st.stm32cube.ide.mcu.externaltools.gnu-tools-for-stm32.12.3.rel1.linux64_1.0.200.202406132123/tools/bin/../lib/gcc/arm-none-eabi/12.3.1/thumb/v7e-m+fp/hard/libgcc.a

.debug_info     0x00000000    0x1300a
 .debug_info    0x00000000      0xbda ./Core/Src/main.o
 .debug_info    0x00000bda      0xba6 ./Core/Src/stm32f4xx_hal_msp.o
 .debug_info    0x00001780      0xb34 ./Core/Src/stm32f4xx_it.o
 .debug_info    0x000022b4      0x54a ./Core/Src/system_stm32f4xx.o
 .debug_info    0x000027fe       0x30 ./Core/Startup/startup_stm32f446retx.o
 .debug_info    0x0000282e      0x99a ./Drivers/STM32F4xx_HAL_Driver/Src/stm32f4xx_hal.o
 .debug_info    0x000031c8      0xdaa ./Drivers/STM32F4xx_HAL_Driver/Src/stm32f4xx_hal_cortex.o
 .debug_info    0x00003f72      0x8e7 ./Drivers/STM32F4xx_HAL_Driver/Src/stm32f4xx_hal_dma.o
 .debug_info    0x00004859      0x70b ./Drivers/STM32F4xx_HAL_Driver/Src/stm32f4xx_hal_gpio.o
 .debug_info    0x00004f64     0x15e3 ./Drivers/STM32F4xx_HAL_Driver/Src/stm32f4xx_hal_pcd.o
 .debug_info    0x00006547      0x7b4 ./Drivers/STM32F4xx_HAL_Driver/Src/stm32f4xx_hal_pcd_ex.o
 .debug_info    0x00006cfb      0x8eb ./Drivers/STM32F4xx_HAL_Driver/Src/stm32f4xx_hal_rcc.o
 .debug_info    0x000075e6      0x956 ./Drivers/STM32F4xx_HAL_Driver/Src/stm32f4xx_hal_rcc_ex.o
 .debug_info    0x00007f3c     0x2f4f ./Drivers/STM32F4xx_HAL_Driver/Src/stm32f4xx_hal_uart.o
 .debug_info    0x0000ae8b     0x19f1 ./Drivers/STM32F4xx_HAL_Driver/Src/stm32f4xx_ll_usb.o
 .debug_info    0x0000c87c     0x1315 ./Middlewares/ST/STM32_USB_Device_Library/Class/CDC/Src/usbd_cdc.o
 .debug_info    0x0000db91      0xe12 ./Middlewares/ST/STM32_USB_Device_Library/Core/Src/usbd_core.o
 .debug_info    0x0000e9a3      0xaeb ./Middlewares/ST/STM32_USB_Device_Library/Core/Src/usbd_ctlreq.o
 .debug_info    0x0000f48e      0x762 ./Middlewares/ST/STM32_USB_Device_Library/Core/Src/usbd_ioreq.o
 .debug_info    0x0000fbf0      0x70e ./USB_DEVICE/App/usb_device.o
 .debug_info    0x000102fe      0x907 ./USB_DEVICE/App/usbd_cdc_if.o
 .debug_info    0x00010c05      0x4ba ./USB_DEVICE/App/usbd_desc.o
 .debug_info    0x000110bf     0x1f4b ./USB_DEVICE/Target/usbd_conf.o

.debug_abbrev   0x00000000     0x3284
 .debug_abbrev  0x00000000      0x259 ./Core/Src/main.o
 .debug_abbrev  0x00000259      0x1cc ./Core/Src/stm32f4xx_hal_msp.o
 .debug_abbrev  0x00000425      0x1dc ./Core/Src/stm32f4xx_it.o
 .debug_abbrev  0x00000601      0x11a ./Core/Src/system_stm32f4xx.o
 .debug_abbrev  0x0000071b       0x24 ./Core/Startup/startup_stm32f446retx.o
 .debug_abbrev  0x0000073f      0x214 ./Drivers/STM32F4xx_HAL_Driver/Src/stm32f4xx_hal.o
 .debug_abbrev  0x00000953      0x31d ./Drivers/STM32F4xx_HAL_Driver/Src/stm32f4xx_hal_cortex.o
 .debug_abbrev  0x00000c70      0x264 ./Drivers/STM32F4xx_HAL_Driver/Src/stm32f4xx_hal_dma.o
 .debug_abbrev  0x00000ed4      0x1d4 ./Drivers/STM32F4xx_HAL_Driver/Src/stm32f4xx_hal_gpio.o
 .debug_abbrev  0x000010a8      0x2d0 ./Drivers/STM32F4xx_HAL_Driver/Src/stm32f4xx_hal_pcd.o
 .debug_abbrev  0x00001378      0x1dd ./Drivers/STM32F4xx_HAL_Driver/Src/stm32f4xx_hal_pcd_ex.o
 .debug_abbrev  0x00001555      0x2b7 ./Drivers/STM32F4xx_HAL_Driver/Src/stm32f4xx_hal_rcc.o
 .debug_abbrev  0x0000180c      0x20a ./Drivers/STM32F4xx_HAL_Driver/Src/stm32f4xx_hal_rcc_ex.o
 .debug_abbrev  0x00001a16      0x30e ./Drivers/STM32F4xx_HAL_Driver/Src/stm32f4xx_hal_uart.o
 .debug_abbrev  0x00001d24      0x2b3 ./Drivers/STM32F4xx_HAL_Driver/Src/stm32f4xx_ll_usb.o
 .debug_abbrev  0x00001fd7      0x2d2 ./Middlewares/ST/STM32_USB_Device_Library/Class/CDC/Src/usbd_cdc.o
 .debug_abbrev  0x000022a9      0x27c ./Middlewares/ST/STM32_USB_Device_Library/Core/Src/usbd_core.o
 .debug_abbrev  0x00002525      0x26f ./Middlewares/ST/STM32_USB_Device_Library/Core/Src/usbd_ctlreq.o
 .debug_abbrev  0x00002794      0x19a ./Middlewares/ST/STM32_USB_Device_Library/Core/Src/usbd_ioreq.o
 .debug_abbrev  0x0000292e      0x195 ./USB_DEVICE/App/usb_device.o
 .debug_abbrev  0x00002ac3      0x29d ./USB_DEVICE/App/usbd_cdc_if.o
 .debug_abbrev  0x00002d60      0x1e3 ./USB_DEVICE/App/usbd_desc.o
 .debug_abbrev  0x00002f43      0x341 ./USB_DEVICE/Target/usbd_conf.o

.debug_aranges  0x00000000      0xea0
 .debug_aranges
                0x00000000       0x40 ./Core/Src/main.o
 .debug_aranges
                0x00000040       0x30 ./Core/Src/stm32f4xx_hal_msp.o
 .debug_aranges
                0x00000070       0x70 ./Core/Src/stm32f4xx_it.o
 .debug_aranges
                0x000000e0       0x28 ./Core/Src/system_stm32f4xx.o
 .debug_aranges
                0x00000108       0x28 ./Core/Startup/startup_stm32f446retx.o
 .debug_aranges
                0x00000130       0xf0 ./Drivers/STM32F4xx_HAL_Driver/Src/stm32f4xx_hal.o
 .debug_aranges
                0x00000220      0x130 ./Drivers/STM32F4xx_HAL_Driver/Src/stm32f4xx_hal_cortex.o
 .debug_aranges
                0x00000350       0x90 ./Drivers/STM32F4xx_HAL_Driver/Src/stm32f4xx_hal_dma.o
 .debug_aranges
                0x000003e0       0x58 ./Drivers/STM32F4xx_HAL_Driver/Src/stm32f4xx_hal_gpio.o
 .debug_aranges
                0x00000438      0x148 ./Drivers/STM32F4xx_HAL_Driver/Src/stm32f4xx_hal_pcd.o
 .debug_aranges
                0x00000580       0x48 ./Drivers/STM32F4xx_HAL_Driver/Src/stm32f4xx_hal_pcd_ex.o
 .debug_aranges
                0x000005c8       0x88 ./Drivers/STM32F4xx_HAL_Driver/Src/stm32f4xx_hal_rcc.o
 .debug_aranges
                0x00000650       0x78 ./Drivers/STM32F4xx_HAL_Driver/Src/stm32f4xx_hal_rcc_ex.o
 .debug_aranges
                0x000006c8      0x208 ./Drivers/STM32F4xx_HAL_Driver/Src/stm32f4xx_hal_uart.o
 .debug_aranges
                0x000008d0      0x1a0 ./Drivers/STM32F4xx_HAL_Driver/Src/stm32f4xx_ll_usb.o
 .debug_aranges
                0x00000a70       0x90 ./Middlewares/ST/STM32_USB_Device_Library/Class/CDC/Src/usbd_cdc.o
 .debug_aranges
                0x00000b00       0xd8 ./Middlewares/ST/STM32_USB_Device_Library/Core/Src/usbd_core.o
 .debug_aranges
                0x00000bd8       0x90 ./Middlewares/ST/STM32_USB_Device_Library/Core/Src/usbd_ctlreq.o
 .debug_aranges
                0x00000c68       0x50 ./Middlewares/ST/STM32_USB_Device_Library/Core/Src/usbd_ioreq.o
 .debug_aranges
                0x00000cb8       0x20 ./USB_DEVICE/App/usb_device.o
 .debug_aranges
                0x00000cd8       0x48 ./USB_DEVICE/App/usbd_cdc_if.o
 .debug_aranges
                0x00000d20       0x68 ./USB_DEVICE/App/usbd_desc.o
 .debug_aranges
                0x00000d88      0x118 ./USB_DEVICE/Target/usbd_conf.o

.debug_rnglists
                0x00000000      0xb0f
 .debug_rnglists
                0x00000000       0x2c ./Core/Src/main.o
 .debug_rnglists
                0x0000002c       0x20 ./Core/Src/stm32f4xx_hal_msp.o
 .debug_rnglists
                0x0000004c       0x4f ./Core/Src/stm32f4xx_it.o
 .debug_rnglists
                0x0000009b       0x1a ./Core/Src/system_stm32f4xx.o
 .debug_rnglists
                0x000000b5       0x19 ./Core/Startup/startup_stm32f446retx.o
 .debug_rnglists
                0x000000ce       0xaf ./Drivers/STM32F4xx_HAL_Driver/Src/stm32f4xx_hal.o
 .debug_rnglists
                0x0000017d       0xe0 ./Drivers/STM32F4xx_HAL_Driver/Src/stm32f4xx_hal_cortex.o
 .debug_rnglists
                0x0000025d       0x70 ./Drivers/STM32F4xx_HAL_Driver/Src/stm32f4xx_hal_dma.o
 .debug_rnglists
                0x000002cd       0x3f ./Drivers/STM32F4xx_HAL_Driver/Src/stm32f4xx_hal_gpio.o
 .debug_rnglists
                0x0000030c       0xfa ./Drivers/STM32F4xx_HAL_Driver/Src/stm32f4xx_hal_pcd.o
 .debug_rnglists
                0x00000406       0x32 ./Drivers/STM32F4xx_HAL_Driver/Src/stm32f4xx_hal_pcd_ex.o
 .debug_rnglists
                0x00000438       0x66 ./Drivers/STM32F4xx_HAL_Driver/Src/stm32f4xx_hal_rcc.o
 .debug_rnglists
                0x0000049e       0x5e ./Drivers/STM32F4xx_HAL_Driver/Src/stm32f4xx_hal_rcc_ex.o
 .debug_rnglists
                0x000004fc      0x1bc ./Drivers/STM32F4xx_HAL_Driver/Src/stm32f4xx_hal_uart.o
 .debug_rnglists
                0x000006b8      0x147 ./Drivers/STM32F4xx_HAL_Driver/Src/stm32f4xx_ll_usb.o
 .debug_rnglists
                0x000007ff       0x6c ./Middlewares/ST/STM32_USB_Device_Library/Class/CDC/Src/usbd_cdc.o
 .debug_rnglists
                0x0000086b       0xa1 ./Middlewares/ST/STM32_USB_Device_Library/Core/Src/usbd_core.o
 .debug_rnglists
                0x0000090c       0x6e ./Middlewares/ST/STM32_USB_Device_Library/Core/Src/usbd_ctlreq.o
 .debug_rnglists
                0x0000097a       0x37 ./Middlewares/ST/STM32_USB_Device_Library/Core/Src/usbd_ioreq.o
 .debug_rnglists
                0x000009b1       0x13 ./USB_DEVICE/App/usb_device.o
 .debug_rnglists
                0x000009c4       0x32 ./USB_DEVICE/App/usbd_cdc_if.o
 .debug_rnglists
                0x000009f6       0x49 ./USB_DEVICE/App/usbd_desc.o
 .debug_rnglists
                0x00000a3f       0xd0 ./USB_DEVICE/Target/usbd_conf.o

.debug_macro    0x00000000    0x23c3b
 .debug_macro   0x00000000      0x34c ./Core/Src/main.o
 .debug_macro   0x0000034c      0xab4 ./Core/Src/main.o
 .debug_macro   0x00000e00      0x29b ./Core/Src/main.o
 .debug_macro   0x0000109b       0x2e ./Core/Src/main.o
 .debug_macro   0x000010c9       0x28 ./Core/Src/main.o
 .debug_macro   0x000010f1       0x22 ./Core/Src/main.o
 .debug_macro   0x00001113       0x8e ./Core/Src/main.o
 .debug_macro   0x000011a1       0x51 ./Core/Src/main.o
 .debug_macro   0x000011f2      0x103 ./Core/Src/main.o
 .debug_macro   0x000012f5       0x6a ./Core/Src/main.o
 .debug_macro   0x0000135f      0x1df ./Core/Src/main.o
 .debug_macro   0x0000153e       0x1c ./Core/Src/main.o
 .debug_macro   0x0000155a       0x22 ./Core/Src/main.o
 .debug_macro   0x0000157c       0xfb ./Core/Src/main.o
 .debug_macro   0x00001677     0x1011 ./Core/Src/main.o
 .debug_macro   0x00002688      0x11f ./Core/Src/main.o
 .debug_macro   0x000027a7    0x16749 ./Core/Src/main.o
 .debug_macro   0x00018ef0       0x6d ./Core/Src/main.o
 .debug_macro   0x00018f5d     0x369a ./Core/Src/main.o
 .debug_macro   0x0001c5f7      0x189 ./Core/Src/main.o
 .debug_macro   0x0001c780       0x5c ./Core/Src/main.o
 .debug_macro   0x0001c7dc      0xca5 ./Core/Src/main.o
 .debug_macro   0x0001d481      0x9e9 ./Core/Src/main.o
 .debug_macro   0x0001de6a      0x115 ./Core/Src/main.o
 .debug_macro   0x0001df7f      0x1a0 ./Core/Src/main.o
 .debug_macro   0x0001e11f       0xa5 ./Core/Src/main.o
 .debug_macro   0x0001e1c4      0x16d ./Core/Src/main.o
 .debug_macro   0x0001e331      0x287 ./Core/Src/main.o
 .debug_macro   0x0001e5b8       0x5f ./Core/Src/main.o
 .debug_macro   0x0001e617      0x236 ./Core/Src/main.o
 .debug_macro   0x0001e84d      0x132 ./Core/Src/main.o
 .debug_macro   0x0001e97f      0x29c ./Core/Src/main.o
 .debug_macro   0x0001ec1b       0x2e ./Core/Src/main.o
 .debug_macro   0x0001ec49      0x127 ./Core/Src/main.o
 .debug_macro   0x0001ed70       0xe8 ./Core/Src/main.o
 .debug_macro   0x0001ee58       0x89 ./Core/Src/main.o
 .debug_macro   0x0001eee1      0x2aa ./Core/Src/main.o
 .debug_macro   0x0001f18b      0x293 ./Core/Src/main.o
 .debug_macro   0x0001f41e       0xba ./Core/Src/main.o
 .debug_macro   0x0001f4d8      0x126 ./Core/Src/main.o
 .debug_macro   0x0001f5fe       0x61 ./Core/Src/main.o
 .debug_macro   0x0001f65f       0x2a ./Core/Src/main.o
 .debug_macro   0x0001f689       0x43 ./Core/Src/main.o
 .debug_macro   0x0001f6cc       0x34 ./Core/Src/main.o
 .debug_macro   0x0001f700       0x16 ./Core/Src/main.o
 .debug_macro   0x0001f716       0x35 ./Core/Src/main.o
 .debug_macro   0x0001f74b      0x369 ./Core/Src/main.o
 .debug_macro   0x0001fab4       0x10 ./Core/Src/main.o
 .debug_macro   0x0001fac4       0x16 ./Core/Src/main.o
 .debug_macro   0x0001fada       0x43 ./Core/Src/main.o
 .debug_macro   0x0001fb1d       0x34 ./Core/Src/main.o
 .debug_macro   0x0001fb51       0x10 ./Core/Src/main.o
 .debug_macro   0x0001fb61       0x58 ./Core/Src/main.o
 .debug_macro   0x0001fbb9       0x8e ./Core/Src/main.o
 .debug_macro   0x0001fc47       0x1c ./Core/Src/main.o
 .debug_macro   0x0001fc63      0x177 ./Core/Src/main.o
 .debug_macro   0x0001fdda       0x16 ./Core/Src/main.o
 .debug_macro   0x0001fdf0       0x16 ./Core/Src/main.o
 .debug_macro   0x0001fe06      0x146 ./Core/Src/main.o
 .debug_macro   0x0001ff4c       0x16 ./Core/Src/main.o
 .debug_macro   0x0001ff62       0x16 ./Core/Src/main.o
 .debug_macro   0x0001ff78       0x29 ./Core/Src/main.o
 .debug_macro   0x0001ffa1       0x16 ./Core/Src/main.o
 .debug_macro   0x0001ffb7       0x20 ./Core/Src/main.o
 .debug_macro   0x0001ffd7       0x65 ./Core/Src/main.o
 .debug_macro   0x0002003c      0x20f ./Core/Src/main.o
 .debug_macro   0x0002024b      0x1e8 ./Core/Src/stm32f4xx_hal_msp.o
 .debug_macro   0x00020433      0x1f2 ./Core/Src/stm32f4xx_it.o
 .debug_macro   0x00020625      0x1de ./Core/Src/system_stm32f4xx.o
 .debug_macro   0x00020803      0x23e ./Drivers/STM32F4xx_HAL_Driver/Src/stm32f4xx_hal.o
 .debug_macro   0x00020a41      0x1de ./Drivers/STM32F4xx_HAL_Driver/Src/stm32f4xx_hal_cortex.o
 .debug_macro   0x00020c1f      0x1e4 ./Drivers/STM32F4xx_HAL_Driver/Src/stm32f4xx_hal_dma.o
 .debug_macro   0x00020e03      0x1e4 ./Drivers/STM32F4xx_HAL_Driver/Src/stm32f4xx_hal_gpio.o
 .debug_macro   0x00020fe7      0x1ea ./Drivers/STM32F4xx_HAL_Driver/Src/stm32f4xx_hal_pcd.o
 .debug_macro   0x000211d1      0x1de ./Drivers/STM32F4xx_HAL_Driver/Src/stm32f4xx_hal_pcd_ex.o
 .debug_macro   0x000213af      0x202 ./Drivers/STM32F4xx_HAL_Driver/Src/stm32f4xx_hal_rcc.o
 .debug_macro   0x000215b1      0x1de ./Drivers/STM32F4xx_HAL_Driver/Src/stm32f4xx_hal_rcc_ex.o
 .debug_macro   0x0002178f      0x1df ./Drivers/STM32F4xx_HAL_Driver/Src/stm32f4xx_hal_uart.o
 .debug_macro   0x0002196e      0x1de ./Drivers/STM32F4xx_HAL_Driver/Src/stm32f4xx_ll_usb.o
 .debug_macro   0x00021b4c      0x377 ./Middlewares/ST/STM32_USB_Device_Library/Class/CDC/Src/usbd_cdc.o
 .debug_macro   0x00021ec3       0x9e ./Middlewares/ST/STM32_USB_Device_Library/Class/CDC/Src/usbd_cdc.o
 .debug_macro   0x00021f61      0x10b ./Middlewares/ST/STM32_USB_Device_Library/Class/CDC/Src/usbd_cdc.o
 .debug_macro   0x0002206c       0x56 ./Middlewares/ST/STM32_USB_Device_Library/Class/CDC/Src/usbd_cdc.o
 .debug_macro   0x000220c2       0x95 ./Middlewares/ST/STM32_USB_Device_Library/Class/CDC/Src/usbd_cdc.o
 .debug_macro   0x00022157      0x35e ./Middlewares/ST/STM32_USB_Device_Library/Core/Src/usbd_core.o
 .debug_macro   0x000224b5      0x215 ./Middlewares/ST/STM32_USB_Device_Library/Core/Src/usbd_core.o
 .debug_macro   0x000226ca      0x368 ./Middlewares/ST/STM32_USB_Device_Library/Core/Src/usbd_ctlreq.o
 .debug_macro   0x00022a32      0x364 ./Middlewares/ST/STM32_USB_Device_Library/Core/Src/usbd_ioreq.o
 .debug_macro   0x00022d96      0x39d ./USB_DEVICE/App/usb_device.o
 .debug_macro   0x00023133       0x22 ./USB_DEVICE/App/usb_device.o
 .debug_macro   0x00023155       0x16 ./USB_DEVICE/App/usb_device.o
 .debug_macro   0x0002316b      0x382 ./USB_DEVICE/App/usbd_cdc_if.o
 .debug_macro   0x000234ed       0x10 ./USB_DEVICE/App/usbd_cdc_if.o
 .debug_macro   0x000234fd      0x3a1 ./USB_DEVICE/App/usbd_desc.o
 .debug_macro   0x0002389e       0x1c ./USB_DEVICE/App/usbd_desc.o
 .debug_macro   0x000238ba      0x381 ./USB_DEVICE/Target/usbd_conf.o

.debug_line     0x00000000    0x131d8
 .debug_line    0x00000000      0x97d ./Core/Src/main.o
 .debug_line    0x0000097d      0x6d2 ./Core/Src/stm32f4xx_hal_msp.o
 .debug_line    0x0000104f      0x774 ./Core/Src/stm32f4xx_it.o
 .debug_line    0x000017c3      0x706 ./Core/Src/system_stm32f4xx.o
 .debug_line    0x00001ec9       0x7a ./Core/Startup/startup_stm32f446retx.o
 .debug_line    0x00001f43      0x96f ./Drivers/STM32F4xx_HAL_Driver/Src/stm32f4xx_hal.o
 .debug_line    0x000028b2      0xc61 ./Drivers/STM32F4xx_HAL_Driver/Src/stm32f4xx_hal_cortex.o
 .debug_line    0x00003513      0xedf ./Drivers/STM32F4xx_HAL_Driver/Src/stm32f4xx_hal_dma.o
 .debug_line    0x000043f2      0xae7 ./Drivers/STM32F4xx_HAL_Driver/Src/stm32f4xx_hal_gpio.o
 .debug_line    0x00004ed9     0x147d ./Drivers/STM32F4xx_HAL_Driver/Src/stm32f4xx_hal_pcd.o
 .debug_line    0x00006356      0x7a3 ./Drivers/STM32F4xx_HAL_Driver/Src/stm32f4xx_hal_pcd_ex.o
 .debug_line    0x00006af9      0xd04 ./Drivers/STM32F4xx_HAL_Driver/Src/stm32f4xx_hal_rcc.o
 .debug_line    0x000077fd     0x1373 ./Drivers/STM32F4xx_HAL_Driver/Src/stm32f4xx_hal_rcc_ex.o
 .debug_line    0x00008b70     0x2841 ./Drivers/STM32F4xx_HAL_Driver/Src/stm32f4xx_hal_uart.o
 .debug_line    0x0000b3b1     0x1d38 ./Drivers/STM32F4xx_HAL_Driver/Src/stm32f4xx_ll_usb.o
 .debug_line    0x0000d0e9      0xded ./Middlewares/ST/STM32_USB_Device_Library/Class/CDC/Src/usbd_cdc.o
 .debug_line    0x0000ded6      0xe67 ./Middlewares/ST/STM32_USB_Device_Library/Core/Src/usbd_core.o
 .debug_line    0x0000ed3d     0x1094 ./Middlewares/ST/STM32_USB_Device_Library/Core/Src/usbd_ctlreq.o
 .debug_line    0x0000fdd1      0x981 ./Middlewares/ST/STM32_USB_Device_Library/Core/Src/usbd_ioreq.o
 .debug_line    0x00010752      0x93d ./USB_DEVICE/App/usb_device.o
 .debug_line    0x0001108f      0x9a0 ./USB_DEVICE/App/usbd_cdc_if.o
 .debug_line    0x00011a2f      0xa21 ./USB_DEVICE/App/usbd_desc.o
 .debug_line    0x00012450      0xd88 ./USB_DEVICE/Target/usbd_conf.o

.debug_str      0x00000000    0xcc609
 .debug_str     0x00000000    0xc7f99 ./Core/Src/main.o
                              0xc82f0 (size before relaxing)
 .debug_str     0x000c7f99      0x5ae ./Core/Src/stm32f4xx_hal_msp.o
                              0xc43c1 (size before relaxing)
 .debug_str     0x000c8547      0x4bd ./Core/Src/stm32f4xx_it.o
                              0xc4123 (size before relaxing)
 .debug_str     0x000c8a04       0xdb ./Core/Src/system_stm32f4xx.o
                              0xc39dd (size before relaxing)
 .debug_str     0x000c8adf       0x44 ./Core/Startup/startup_stm32f446retx.o
                                 0x81 (size before relaxing)
 .debug_str     0x000c8b23      0x60d ./Drivers/STM32F4xx_HAL_Driver/Src/stm32f4xx_hal.o
                              0xc45a2 (size before relaxing)
 .debug_str     0x000c9130      0x36b ./Drivers/STM32F4xx_HAL_Driver/Src/stm32f4xx_hal_cortex.o
                              0xc42f9 (size before relaxing)
 .debug_str     0x000c949b      0x322 ./Drivers/STM32F4xx_HAL_Driver/Src/stm32f4xx_hal_dma.o
                              0xc3dd2 (size before relaxing)
 .debug_str     0x000c97bd      0x121 ./Drivers/STM32F4xx_HAL_Driver/Src/stm32f4xx_hal_gpio.o
                              0xc3b58 (size before relaxing)
 .debug_str     0x000c98de      0x852 ./Drivers/STM32F4xx_HAL_Driver/Src/stm32f4xx_hal_pcd.o
                              0xc44ee (size before relaxing)
 .debug_str     0x000ca130      0x12d ./Drivers/STM32F4xx_HAL_Driver/Src/stm32f4xx_hal_pcd_ex.o
                              0xc3df0 (size before relaxing)
 .debug_str     0x000ca25d      0x21f ./Drivers/STM32F4xx_HAL_Driver/Src/stm32f4xx_hal_rcc.o
                              0xc3e16 (size before relaxing)
 .debug_str     0x000ca47c      0x324 ./Drivers/STM32F4xx_HAL_Driver/Src/stm32f4xx_hal_rcc_ex.o
                              0xc3e49 (size before relaxing)
 .debug_str     0x000ca7a0      0x5ef ./Drivers/STM32F4xx_HAL_Driver/Src/stm32f4xx_hal_uart.o
                              0xc43cd (size before relaxing)
 .debug_str     0x000cad8f      0x4a7 ./Drivers/STM32F4xx_HAL_Driver/Src/stm32f4xx_ll_usb.o
                              0xc43aa (size before relaxing)
 .debug_str     0x000cb236      0xa2f ./Middlewares/ST/STM32_USB_Device_Library/Class/CDC/Src/usbd_cdc.o
                              0xc89d1 (size before relaxing)
 .debug_str     0x000cbc65      0x35c ./Middlewares/ST/STM32_USB_Device_Library/Core/Src/usbd_core.o
                              0xc82f3 (size before relaxing)
 .debug_str     0x000cbfc1      0x139 ./Middlewares/ST/STM32_USB_Device_Library/Core/Src/usbd_ctlreq.o
                              0xc811e (size before relaxing)
 .debug_str     0x000cc0fa       0x51 ./Middlewares/ST/STM32_USB_Device_Library/Core/Src/usbd_ioreq.o
                              0xc7ff3 (size before relaxing)
 .debug_str     0x000cc14b      0x105 ./USB_DEVICE/App/usb_device.o
                              0xc83a6 (size before relaxing)
 .debug_str     0x000cc250       0x9a ./USB_DEVICE/App/usbd_cdc_if.o
                              0xc83e6 (size before relaxing)
 .debug_str     0x000cc2ea      0x298 ./USB_DEVICE/App/usbd_desc.o
                              0xc7f1d (size before relaxing)
 .debug_str     0x000cc582       0x87 ./USB_DEVICE/Target/usbd_conf.o
                              0xc94b2 (size before relaxing)

.comment        0x00000000       0x43
 .comment       0x00000000       0x43 ./Core/Src/main.o
                                 0x44 (size before relaxing)
 .comment       0x00000043       0x44 ./Core/Src/stm32f4xx_hal_msp.o
 .comment       0x00000043       0x44 ./Core/Src/stm32f4xx_it.o
 .comment       0x00000043       0x44 ./Core/Src/system_stm32f4xx.o
 .comment       0x00000043       0x44 ./Drivers/STM32F4xx_HAL_Driver/Src/stm32f4xx_hal.o
 .comment       0x00000043       0x44 ./Drivers/STM32F4xx_HAL_Driver/Src/stm32f4xx_hal_cortex.o
 .comment       0x00000043       0x44 ./Drivers/STM32F4xx_HAL_Driver/Src/stm32f4xx_hal_dma.o
 .comment       0x00000043       0x44 ./Drivers/STM32F4xx_HAL_Driver/Src/stm32f4xx_hal_gpio.o
 .comment       0x00000043       0x44 ./Drivers/STM32F4xx_HAL_Driver/Src/stm32f4xx_hal_pcd.o
 .comment       0x00000043       0x44 ./Drivers/STM32F4xx_HAL_Driver/Src/stm32f4xx_hal_pcd_ex.o
 .comment       0x00000043       0x44 ./Drivers/STM32F4xx_HAL_Driver/Src/stm32f4xx_hal_rcc.o
 .comment       0x00000043       0x44 ./Drivers/STM32F4xx_HAL_Driver/Src/stm32f4xx_hal_rcc_ex.o
 .comment       0x00000043       0x44 ./Drivers/STM32F4xx_HAL_Driver/Src/stm32f4xx_hal_uart.o
 .comment       0x00000043       0x44 ./Drivers/STM32F4xx_HAL_Driver/Src/stm32f4xx_ll_usb.o
 .comment       0x00000043       0x44 ./Middlewares/ST/STM32_USB_Device_Library/Class/CDC/Src/usbd_cdc.o
 .comment       0x00000043       0x44 ./Middlewares/ST/STM32_USB_Device_Library/Core/Src/usbd_core.o
 .comment       0x00000043       0x44 ./Middlewares/ST/STM32_USB_Device_Library/Core/Src/usbd_ctlreq.o
 .comment       0x00000043       0x44 ./Middlewares/ST/STM32_USB_Device_Library/Core/Src/usbd_ioreq.o
 .comment       0x00000043       0x44 ./USB_DEVICE/App/usb_device.o
 .comment       0x00000043       0x44 ./USB_DEVICE/App/usbd_cdc_if.o
 .comment       0x00000043       0x44 ./USB_DEVICE/App/usbd_desc.o
 .comment       0x00000043       0x44 ./USB_DEVICE/Target/usbd_conf.o

.debug_frame    0x00000000     0x3b78
 .debug_frame   0x00000000       0xa8 ./Core/Src/main.o
 .debug_frame   0x000000a8       0x80 ./Core/Src/stm32f4xx_hal_msp.o
 .debug_frame   0x00000128      0x13c ./Core/Src/stm32f4xx_it.o
 .debug_frame   0x00000264       0x58 ./Core/Src/system_stm32f4xx.o
 .debug_frame   0x000002bc      0x374 ./Drivers/STM32F4xx_HAL_Driver/Src/stm32f4xx_hal.o
 .debug_frame   0x00000630      0x508 ./Drivers/STM32F4xx_HAL_Driver/Src/stm32f4xx_hal_cortex.o
 .debug_frame   0x00000b38      0x250 ./Drivers/STM32F4xx_HAL_Driver/Src/stm32f4xx_hal_dma.o
 .debug_frame   0x00000d88      0x14c ./Drivers/STM32F4xx_HAL_Driver/Src/stm32f4xx_hal_gpio.o
 .debug_frame   0x00000ed4      0x5b8 ./Drivers/STM32F4xx_HAL_Driver/Src/stm32f4xx_hal_pcd.o
 .debug_frame   0x0000148c      0x100 ./Drivers/STM32F4xx_HAL_Driver/Src/stm32f4xx_hal_pcd_ex.o
 .debug_frame   0x0000158c      0x1f4 ./Drivers/STM32F4xx_HAL_Driver/Src/stm32f4xx_hal_rcc.o
 .debug_frame   0x00001780      0x1e8 ./Drivers/STM32F4xx_HAL_Driver/Src/stm32f4xx_hal_rcc_ex.o
 .debug_frame   0x00001968      0x954 ./Drivers/STM32F4xx_HAL_Driver/Src/stm32f4xx_hal_uart.o
 .debug_frame   0x000022bc      0x7c0 ./Drivers/STM32F4xx_HAL_Driver/Src/stm32f4xx_ll_usb.o
 .debug_frame   0x00002a7c      0x23c ./Middlewares/ST/STM32_USB_Device_Library/Class/CDC/Src/usbd_cdc.o
 .debug_frame   0x00002cb8      0x390 ./Middlewares/ST/STM32_USB_Device_Library/Core/Src/usbd_core.o
 .debug_frame   0x00003048      0x23c ./Middlewares/ST/STM32_USB_Device_Library/Core/Src/usbd_ctlreq.o
 .debug_frame   0x00003284      0x10c ./Middlewares/ST/STM32_USB_Device_Library/Core/Src/usbd_ioreq.o
 .debug_frame   0x00003390       0x2c ./USB_DEVICE/App/usb_device.o
 .debug_frame   0x000033bc       0xe4 ./USB_DEVICE/App/usbd_cdc_if.o
 .debug_frame   0x000034a0      0x188 ./USB_DEVICE/App/usbd_desc.o
 .debug_frame   0x00003628      0x4a4 ./USB_DEVICE/Target/usbd_conf.o
 .debug_frame   0x00003acc       0x20 /opt/stm32cubeide/plugins/com.st.stm32cube.ide.mcu.externaltools.gnu-tools-for-stm32.12.3.rel1.linux64_1.0.200.202406132123/tools/bin/../lib/gcc/arm-none-eabi/12.3.1/../../../../arm-none-eabi/lib/thumb/v7e-m+fp/hard/libc_nano.a(libc_a-memset.o)
 .debug_frame   0x00003aec       0x2c /opt/stm32cubeide/plugins/com.st.stm32cube.ide.mcu.externaltools.gnu-tools-for-stm32.12.3.rel1.linux64_1.0.200.202406132123/tools/bin/../lib/gcc/arm-none-eabi/12.3.1/../../../../arm-none-eabi/lib/thumb/v7e-m+fp/hard/libc_nano.a(libc_a-init.o)
 .debug_frame   0x00003b18       0x2c /opt/stm32cubeide/plugins/com.st.stm32cube.ide.mcu.externaltools.gnu-tools-for-stm32.12.3.rel1.linux64_1.0.200.202406132123/tools/bin/../lib/gcc/arm-none-eabi/12.3.1/thumb/v7e-m+fp/hard/libgcc.a(_aeabi_uldivmod.o)
 .debug_frame   0x00003b44       0x34 /opt/stm32cubeide/plugins/com.st.stm32cube.ide.mcu.externaltools.gnu-tools-for-stm32.12.3.rel1.linux64_1.0.200.202406132123/tools/bin/../lib/gcc/arm-none-eabi/12.3.1/thumb/v7e-m+fp/hard/libgcc.a(_udivmoddi4.o)

.debug_line_str
                0x00000000       0x65
 .debug_line_str
                0x00000000       0x65 ./Core/Startup/startup_stm32f446retx.o
